Archive member included because of file (symbol)

C:\Users\任纪铭\workspace\KEA_Library\lib\libsccc-d-2018-RND.a(startup-d-2018-RND.o)
                              (Reset_Handler)
C:\Users\任纪铭\workspace\KEA_Library\lib\libsccc-d-2018-RND.a(adc-d-2018-RND.o)
                              obj/main-d-2018-RND.o (libbase::Adc::Adc(libbase::Pin::Name, libbase::Adc::Bit))
C:\Users\任纪铭\workspace\KEA_Library\lib\libsccc-d-2018-RND.a(flash-d-2018-RND.o)
                              obj/lcdmenu-d-2018-RND.o (libbase::Flash::Write(unsigned long, unsigned long, unsigned char*, unsigned int))
C:\Users\任纪铭\workspace\KEA_Library\lib\libsccc-d-2018-RND.a(ftm-d-2018-RND.o)
                              obj/main-d-2018-RND.o (libbase::Ftm::Ftm(libbase::Ftm::Name, libbase::Ftm::EXT_CLK, std::function<void (libbase::Ftm*)>))
C:\Users\任纪铭\workspace\KEA_Library\lib\libsccc-d-2018-RND.a(gpio-d-2018-RND.o)
                              obj/main-d-2018-RND.o (libbase::Gpi::Gpi(libbase::Pin::Name))
C:\Users\任纪铭\workspace\KEA_Library\lib\libsccc-d-2018-RND.a(sys_tick-d-2018-RND.o)
                              obj/main-d-2018-RND.o (libbase::Systick::Init())
C:\Users\任纪铭\workspace\KEA_Library\lib\libsccc-d-2018-RND.a(uart_device-d-2018-RND.o)
                              obj/main-d-2018-RND.o (libbase::UartDevice::UartDevice(libbase::UartDevice::Config))
C:\Users\任纪铭\workspace\KEA_Library\lib\libsccc-d-2018-RND.a(system-d-2018-RND.o)
                              C:\Users\任纪铭\workspace\KEA_Library\lib\libsccc-d-2018-RND.a(ftm-d-2018-RND.o) (ftm_clk_khz)
C:\Users\任纪铭\workspace\KEA_Library\lib\libsccc-d-2018-RND.a(s9keaz128_lqfp80-d-2018-RND.o)
                              C:\Users\任纪铭\workspace\KEA_Library\lib\libsccc-d-2018-RND.a(gpio-d-2018-RND.o) (libbase::S9keaz128::GetGpio(libbase::Pin::Name))
C:\Users\任纪铭\workspace\KEA_Library\lib\libsccc-d-2018-RND.a(dir_encoder-d-2018-RND.o)
                              obj/main-d-2018-RND.o (libsc::DirEncoder::DirEncoder(unsigned char))
C:\Users\任纪铭\workspace\KEA_Library\lib\libsccc-d-2018-RND.a(joystick-d-2018-RND.o)
                              obj/main-d-2018-RND.o (libcreate::Joystick::Joystick(libsc::Sh1106*, libcreate::Joystick::Config))
C:\Users\任纪铭\workspace\KEA_Library\lib\libsccc-d-2018-RND.a(sh1106-d-2018-RND.o)
                              obj/main-d-2018-RND.o (libsc::Sh1106::Sh1106(libbase::I2cMaster::Name, unsigned long, bool))
C:\Users\任纪铭\workspace\KEA_Library\lib\libsccc-d-2018-RND.a(assert-d-2018-RND.o)
                              C:\Users\任纪铭\workspace\KEA_Library\lib\libsccc-d-2018-RND.a(adc-d-2018-RND.o) (__assert_func)
C:\Users\任纪铭\workspace\KEA_Library\lib\libsccc-d-2018-RND.a(i2c_master-d-2018-RND.o)
                              C:\Users\任纪铭\workspace\KEA_Library\lib\libsccc-d-2018-RND.a(sh1106-d-2018-RND.o) (libbase::I2cMaster::I2cMaster(libbase::I2cMaster::Name, unsigned long))
C:\Users\任纪铭\workspace\KEA_Library\lib\libsccc-d-2018-RND.a(kbi-d-2018-RND.o)
                              C:\Users\任纪铭\workspace\KEA_Library\lib\libsccc-d-2018-RND.a(dir_encoder-d-2018-RND.o) (libbase::Kbi::Kbi(libbase::Kbi::Name, libbase::Kbi::Interrupt, std::function<void (libbase::Kbi*)>))
C:\Users\任纪铭\workspace\KEA_Library\lib\libsccc-d-2018-RND.a(math-d-2018-RND.o)
                              C:\Users\任纪铭\workspace\KEA_Library\lib\libsccc-d-2018-RND.a(i2c_master-d-2018-RND.o) (libbase::abs(long))
c:/program files (x86)/gnu tools arm embedded/4.8 2014q3/bin/../lib/gcc/arm-none-eabi/4.8.4/../../../../arm-none-eabi/lib/armv6-m\libstdc++_s.a(new_op.o)
                              obj/function-d-2018-RND.o (operator new(unsigned int))
c:/program files (x86)/gnu tools arm embedded/4.8 2014q3/bin/../lib/gcc/arm-none-eabi/4.8.4/../../../../arm-none-eabi/lib/armv6-m\libstdc++_s.a(del_op.o)
                              obj/function-d-2018-RND.o (operator delete(void*))
c:/program files (x86)/gnu tools arm embedded/4.8 2014q3/bin/../lib/gcc/arm-none-eabi/4.8.4/../../../../arm-none-eabi/lib/armv6-m\libstdc++_s.a(new_handler.o)
                              c:/program files (x86)/gnu tools arm embedded/4.8 2014q3/bin/../lib/gcc/arm-none-eabi/4.8.4/../../../../arm-none-eabi/lib/armv6-m\libstdc++_s.a(new_op.o) (__new_handler)
c:/program files (x86)/gnu tools arm embedded/4.8 2014q3/bin/../lib/gcc/arm-none-eabi/4.8.4/../../../../arm-none-eabi/lib/armv6-m\libstdc++_s.a(atexit_arm.o)
                              obj/function-d-2018-RND.o (__aeabi_atexit)
c:/program files (x86)/gnu tools arm embedded/4.8 2014q3/bin/../lib/gcc/arm-none-eabi/4.8.4/../../../../arm-none-eabi/lib/armv6-m\libstdc++_s.a(new_opv.o)
                              C:\Users\任纪铭\workspace\KEA_Library\lib\libsccc-d-2018-RND.a(flash-d-2018-RND.o) (operator new[](unsigned int))
c:/program files (x86)/gnu tools arm embedded/4.8 2014q3/bin/../lib/gcc/arm-none-eabi/4.8.4/../../../../arm-none-eabi/lib/armv6-m\libstdc++_s.a(allocator-inst.o)
[...]
Memory Configuration

Name             Origin             Length             Attributes
FLASH_1          0x00000000         0x00000400         xr
FLASH_CONFIG     0x00000400         0x00000010         xr
FLASH_2          0x00000410         0x0001fbf0         xr
SRAM             0x1ffff000         0x00004000         rw
*default*        0x00000000         0xffffffff

Linker script and memory map

LOAD c:/program files (x86)/gnu tools arm embedded/4.8 2014q3/bin/../lib/gcc/arm-none-eabi/4.8.4/armv6-m/crti.o
LOAD c:/program files (x86)/gnu tools arm embedded/4.8 2014q3/bin/../lib/gcc/arm-none-eabi/4.8.4/armv6-m/crtbegin.o
LOAD c:/program files (x86)/gnu tools arm embedded/4.8 2014q3/bin/../lib/gcc/arm-none-eabi/4.8.4/../../../../arm-none-eabi/lib/armv6-m/crt0.o
LOAD obj/config-d-2018-RND.o
LOAD obj/function-d-2018-RND.o
LOAD obj/functions-d-2018-RND.o
LOAD obj/lcdmenu-d-2018-RND.o
LOAD obj/main-d-2018-RND.o
LOAD obj/main1-d-2018-RND.o
LOAD C:\Users\任纪铭\workspace\KEA_Library\lib\libsccc-d-2018-RND.a
LOAD c:/program files (x86)/gnu tools arm embedded/4.8 2014q3/bin/../lib/gcc/arm-none-eabi/4.8.4/../../../../arm-none-eabi/lib/armv6-m\libstdc++_s.a
LOAD c:/program files (x86)/gnu tools arm embedded/4.8 2014q3/bin/../lib/gcc/arm-none-eabi/4.8.4/../../../../arm-none-eabi/lib/armv6-m\libm.a
START GROUP
LOAD c:/program files (x86)/gnu tools arm embedded/4.8 2014q3/bin/../lib/gcc/arm-none-eabi/4.8.4/armv6-m\libgcc.a
LOAD c:/program files (x86)/gnu tools arm embedded/4.8 2014q3/bin/../lib/gcc/arm-none-eabi/4.8.4/../../../../arm-none-eabi/lib/armv6-m\libc_s.a
END GROUP
START GROUP
LOAD c:/program files (x86)/gnu tools arm embedded/4.8 2014q3/bin/../lib/gcc/arm-none-eabi/4.8.4/armv6-m\libgcc.a
LOAD c:/program files (x86)/gnu tools arm embedded/4.8 2014q3/bin/../lib/gcc/arm-none-eabi/4.8.4/../../../../arm-none-eabi/lib/armv6-m\libc_s.a
LOAD c:/program files (x86)/gnu tools arm embedded/4.8 2014q3/bin/../lib/gcc/arm-none-eabi/4.8.4/../../../../arm-none-eabi/lib/armv6-m\libnosys.a
END GROUP
START GROUP
LOAD c:/program files (x86)/gnu tools arm embedded/4.8 2014q3/bin/../lib/gcc/arm-none-eabi/4.8.4/armv6-m\libgcc.a
LOAD c:/program files (x86)/gnu tools arm embedded/4.8 2014q3/bin/../lib/gcc/arm-none-eabi/4.8.4/../../../../arm-none-eabi/lib/armv6-m\libc_s.a
LOAD c:/program files (x86)/gnu tools arm embedded/4.8 2014q3/bin/../lib/gcc/arm-none-eabi/4.8.4/../../../../arm-none-eabi/lib/armv6-m\libnosys.a
END GROUP
LOAD c:/program files (x86)/gnu tools arm embedded/4.8 2014q3/bin/../lib/gcc/arm-none-eabi/4.8.4/armv6-m/crtend.o
LOAD c:/program files (x86)/gnu tools arm embedded/4.8 2014q3/bin/../lib/gcc/arm-none-eabi/4.8.4/armv6-m/crtn.o
                0x20003000                _estack = 0x20003000
                0x20003000                __SP_INIT = _estack
                0x00000500                HEAP_SIZE = DEFINED (__heap_size__)?__heap_size__:0x500
                0x00000400                STACK_SIZE = DEFINED (__stack_size__)?__stack_size__:0x400

.interrupts     0x00000000       0xc0
                0x00000000                __VECTOR_TABLE = .
                0x00000000                . = ALIGN (0x4)
 *(.isr_vector)
 .isr_vector    0x00000000       0xc0 C:\Users\任纪铭\workspace\KEA_Library\lib\libsccc-d-2018-RND.a(startup-d-2018-RND.o)
                0x00000000                __isr_vector
                0x000000c0                . = ALIGN (0x4)

.flash_config   0x00000400       0x10
                0x00000400                . = ALIGN (0x4)
 *(.FlashConfig)
 .FlashConfig   0x00000400       0x10 C:\Users\任纪铭\workspace\KEA_Library\lib\libsccc-d-2018-RND.a(startup-d-2018-RND.o)
                0x00000410                . = ALIGN (0x4)

.text           0x00000410     0xfa4c
                0x00000410                . = ALIGN (0x4)
 *(.text)
 .text          0x00000410       0x60 c:/program files (x86)/gnu tools arm embedded/4.8 2014q3/bin/../lib/gcc/arm-none-eabi/4.8.4/armv6-m/crtbegin.o
 .text          0x00000470       0x78 c:/program files (x86)/gnu tools arm embedded/4.8 2014q3/bin/../lib/gcc/arm-none-eabi/4.8.4/../../../../arm-none-eabi/lib/armv6-m/crt0.o
                0x00000470                _start
                0x00000470                _mainCRTStartup
 .text          0x000004e8       0x44 C:\Users\任纪铭\workspace\KEA_Library\lib\libsccc-d-2018-RND.a(startup-d-2018-RND.o)
                0x000004e8                Reset_Handler
                0x00000524                Reserved16_IRQHandler
                0x00000524                I2C0_IRQHandler
                0x00000524                HardFault_Handler
                0x00000524                PendSV_Handler
                0x00000524                I2C1_IRQHandler
                0x00000524                Reserved19_IRQHandler
                0x00000524                Reserved42_IRQHandler
                0x00000524                ADC0_IRQHandler
                0x00000524                SPI1_IRQHandler
                0x00000524                DefaultISR
                0x00000524                FTMRE_IRQHandler
                0x00000524                RTC_IRQHandler
                0x00000524                IRQ_IRQHandler
                0x00000524                Reserved18_IRQHandler
                0x00000524                PIT_CH0_IRQHandler
                0x00000524                Reserved20_IRQHandler
                0x00000524                Reserved17_IRQHandler
                0x00000524                MSCAN_RX_IRQHandler
                0x00000524                ACMP0_IRQHandler
                0x00000524                WDOG_EWM_IRQHandler
                0x00000524                MSCAN_TX_IRQHandler
                0x00000524                PWT_IRQHandler
                0x00000524                SVC_Handler
                0x00000524                LVD_LLW_IRQHandler
                0x00000524                ICS_IRQHandler
                0x00000524                PIT_CH1_IRQHandler
                0x00000524                SPI0_IRQHandler
                0x00000524                ACMP1_IRQHandler
 .text          0x0000052c       0x9c c:/program files (x86)/gnu tools arm embedded/4.8 2014q3/bin/../lib/gcc/arm-none-eabi/4.8.4/armv6-m\libgcc.a(_udivsi3.o)
                0x0000052c                __aeabi_uidiv
                0x0000052c                __udivsi3
                0x000005b4                __aeabi_uidivmod
 .text          0x000005c8       0xc0 c:/program files (x86)/gnu tools arm embedded/4.8 2014q3/bin/../lib/gcc/arm-none-eabi/4.8.4/armv6-m\libgcc.a(_divsi3.o)
                0x000005c8                __divsi3
                0x000005c8                __aeabi_idiv
                0x00000674                __aeabi_idivmod
 .text          0x00000688        0x4 c:/program files (x86)/gnu tools arm embedded/4.8 2014q3/bin/../lib/gcc/arm-none-eabi/4.8.4/armv6-m\libgcc.a(_dvmd_tls.o)
                0x00000688                __aeabi_idiv0
                0x00000688                __aeabi_ldiv0
 .text          0x0000068c       0x7c c:/program files (x86)/gnu tools arm embedded/4.8 2014q3/bin/../lib/gcc/arm-none-eabi/4.8.4/armv6-m\libgcc.a(_arm_cmpdf2.o)
                0x0000068c                __aeabi_cdrcmple
                0x0000069c                __aeabi_cdcmple
                0x0000069c                __aeabi_cdcmpeq
                0x000006ac                __aeabi_dcmpeq
                0x000006b8                __aeabi_dcmplt
                0x000006cc                __aeabi_dcmple
                0x000006e0                __aeabi_dcmpgt
                0x000006f4                __aeabi_dcmpge
 .text          0x00000708       0x74 c:/program files (x86)/gnu tools arm embedded/4.8 2014q3/bin/../lib/gcc/arm-none-eabi/4.8.4/armv6-m\libgcc.a(_arm_cmpsf2.o)
                0x00000708                __aeabi_cfrcmple
                0x00000710                __aeabi_cfcmpeq
                0x00000710                __aeabi_cfcmple
                0x00000720                __aeabi_fcmpeq
                0x0000072c                __aeabi_fcmplt
                0x00000740                __aeabi_fcmple
                0x00000754                __aeabi_fcmpgt
                0x00000768                __aeabi_fcmpge
 .text          0x0000077c       0x30 c:/program files (x86)/gnu tools arm embedded/4.8 2014q3/bin/../lib/gcc/arm-none-eabi/4.8.4/armv6-m\libgcc.a(_fixunssfsi.o)
                0x0000077c                __fixunssfsi
                0x0000077c                __aeabi_f2uiz
 *fill*         0x000007ac        0x4 
 .text          0x000007b0       0x40 c:/program files (x86)/gnu tools arm embedded/4.8 2014q3/bin/../lib/gcc/arm-none-eabi/4.8.4/armv6-m\libgcc.a(_fixunsdfsi.o)
                0x000007b0                __aeabi_d2uiz
                0x000007b0                __fixunsdfsi
 .text          0x000007f0      0x2d8 c:/program files (x86)/gnu tools arm embedded/4.8 2014q3/bin/../lib/gcc/arm-none-eabi/4.8.4/armv6-m\libgcc.a(addsf3.o)
                0x000007f0                __aeabi_fadd
 .text          0x00000ac8      0x24c c:/program files (x86)/gnu tools arm embedded/4.8 2014q3/bin/../lib/gcc/arm-none-eabi/4.8.4/armv6-m\libgcc.a(divsf3.o)
                0x00000ac8                __aeabi_fdiv
 .text          0x00000d14       0x54 c:/program files (x86)/gnu tools arm embedded/4.8 2014q3/bin/../lib/gcc/arm-none-eabi/4.8.4/armv6-m\libgcc.a(eqsf2.o)
                0x00000d14                __eqsf2
                0x00000d14                __nesf2
 .text          0x00000d68       0x90 c:/program files (x86)/gnu tools arm embedded/4.8 2014q3/bin/../lib/gcc/arm-none-eabi/4.8.4/armv6-m\libgcc.a(gesf2.o)
                0x00000d68                __gesf2
                0x00000d68                __gtsf2
 .text          0x00000df8       0x98 c:/program files (x86)/gnu tools arm embedded/4.8 2014q3/bin/../lib/gcc/arm-none-eabi/4.8.4/armv6-m\libgcc.a(lesf2.o)
                0x00000df8                __ltsf2
                0x00000df8                __lesf2
 .text          0x00000e90      0x254 c:/program files (x86)/gnu tools arm embedded/4.8 2014q3/bin/../lib/gcc/arm-none-eabi/4.8.4/armv6-m\libgcc.a(mulsf3.o)
                0x00000e90                __aeabi_fmul
 .text          0x000010e4      0x2ec c:/program files (x86)/gnu tools arm embedded/4.8 2014q3/bin/../lib/gcc/arm-none-eabi/4.8.4/armv6-m\libgcc.a(subsf3.o)
                0x000010e4                __aeabi_fsub
 .text          0x000013d0       0x40 c:/program files (x86)/gnu tools arm embedded/4.8 2014q3/bin/../lib/gcc/arm-none-eabi/4.8.4/armv6-m\libgcc.a(fixsfsi.o)
                0x000013d0                __aeabi_f2iz
 .text          0x00001410       0xb8 c:/program files (x86)/gnu tools arm embedded/4.8 2014q3/bin/../lib/gcc/arm-none-eabi/4.8.4/armv6-m\libgcc.a(floatsisf.o)
                0x00001410                __aeabi_i2f
 .text          0x000014c8      0x644 c:/program files (x86)/gnu tools arm embedded/4.8 2014q3/bin/../lib/gcc/arm-none-eabi/4.8.4/armv6-m\libgcc.a(adddf3.o)
                0x000014c8                __aeabi_dadd
 .text          0x00001b0c      0x648 c:/program files (x86)/gnu tools arm embedded/4.8 2014q3/bin/../lib/gcc/arm-none-eabi/4.8.4/armv6-m\libgcc.a(divdf3.o)
                0x00001b0c                __aeabi_ddiv
 .text          0x00002154       0x94 c:/program files (x86)/gnu tools arm embedded/4.8 2014q3/bin/../lib/gcc/arm-none-eabi/4.8.4/armv6-m\libgcc.a(eqdf2.o)
                0x00002154                __nedf2
                0x00002154                __eqdf2
 .text          0x000021e8       0xfc c:/program files (x86)/gnu tools arm embedded/4.8 2014q3/bin/../lib/gcc/arm-none-eabi/4.8.4/armv6-m\libgcc.a(gedf2.o)
                0x000021e8                __gedf2
                0x000021e8                __gtdf2
 .text          0x000022e4       0xfc c:/program files (x86)/gnu tools arm embedded/4.8 2014q3/bin/../lib/gcc/arm-none-eabi/4.8.4/armv6-m\libgcc.a(ledf2.o)
                0x000022e4                __ledf2
                0x000022e4                __ltdf2
 .text          0x000023e0      0x668 c:/program files (x86)/gnu tools arm embedded/4.8 2014q3/bin/../lib/gcc/arm-none-eabi/4.8.4/armv6-m\libgcc.a(subdf3.o)
                0x000023e0                __aeabi_dsub
 .text          0x00002a48       0x68 c:/program files (x86)/gnu tools arm embedded/4.8 2014q3/bin/../lib/gcc/arm-none-eabi/4.8.4/armv6-m\libgcc.a(fixdfsi.o)
                0x00002a48                __aeabi_d2iz
 .text          0x00002ab0       0x7c c:/program files (x86)/gnu tools arm embedded/4.8 2014q3/bin/../lib/gcc/arm-none-eabi/4.8.4/armv6-m\libgcc.a(floatsidf.o)
                0x00002ab0                __aeabi_i2d
 .text          0x00002b2c       0xa4 c:/program files (x86)/gnu tools arm embedded/4.8 2014q3/bin/../lib/gcc/arm-none-eabi/4.8.4/armv6-m\libgcc.a(extendsfdf2.o)
                0x00002b2c                __aeabi_f2d
 .text          0x00002bd0      0x118 c:/program files (x86)/gnu tools arm embedded/4.8 2014q3/bin/../lib/gcc/arm-none-eabi/4.8.4/armv6-m\libgcc.a(truncdfsf2.o)
                0x00002bd0                __aeabi_d2f
 .text          0x00002ce8       0x3c c:/program files (x86)/gnu tools arm embedded/4.8 2014q3/bin/../lib/gcc/arm-none-eabi/4.8.4/armv6-m\libgcc.a(_clzsi2.o)
                0x00002ce8                __clzsi2
 .text          0x00002d24       0x14 c:/program files (x86)/gnu tools arm embedded/4.8 2014q3/bin/../lib/gcc/arm-none-eabi/4.8.4/armv6-m\libgcc.a(_thumb1_case_uqi.o)
                0x00002d24                __gnu_thumb1_case_uqi
 .text          0x00002d38      0x520 c:/program files (x86)/gnu tools arm embedded/4.8 2014q3/bin/../lib/gcc/arm-none-eabi/4.8.4/armv6-m\libgcc.a(muldf3.o)
                0x00002d38                __aeabi_dmul
 .text          0x00003258       0x68 c:/program files (x86)/gnu tools arm embedded/4.8 2014q3/bin/../lib/gcc/arm-none-eabi/4.8.4/armv6-m\libgcc.a(floatunsidf.o)
                0x00003258                __aeabi_ui2d
 *(.text*)
 .text._ZnwjPv  0x000032c0       0x14 obj/function-d-2018-RND.o
                0x000032c0                operator new(unsigned int, void*)
 .text._ZNSt9_Any_data9_M_accessEv
                0x000032d4       0x14 obj/function-d-2018-RND.o
                0x000032d4                std::_Any_data::_M_access()
 .text._ZNKSt9_Any_data9_M_accessEv
                0x000032e8       0x14 obj/function-d-2018-RND.o
                0x000032e8                std::_Any_data::_M_access() const
 .text._ZNSt14_Function_baseC2Ev
                0x000032fc       0x18 obj/function-d-2018-RND.o
                0x000032fc                std::_Function_base::_Function_base()
                0x000032fc                std::_Function_base::_Function_base()
 .text._ZNSt14_Function_baseD2Ev
                0x00003314       0x2c obj/function-d-2018-RND.o
                0x00003314                std::_Function_base::~_Function_base()
                0x00003314                std::_Function_base::~_Function_base()
 .text._ZNSt8functionIFvPN7libbase10UartDeviceEEED2Ev
                0x00003340       0x1c obj/function-d-2018-RND.o
                0x00003340                std::function<void (libbase::UartDevice*)>::~function()
                0x00003340                std::function<void (libbase::UartDevice*)>::~function()
 .text._ZN9libcreate5Motor6SetSPDEt
                0x0000335c       0x38 obj/function-d-2018-RND.o
                0x0000335c                libcreate::Motor::SetSPD(unsigned short)
 .text._ZN9libcreate5Motor6GetSPDEv
                0x00003394       0x28 obj/function-d-2018-RND.o
                0x00003394                libcreate::Motor::GetSPD()
 .text._ZN9libcreate5Motor8GetCountEv
                0x000033bc       0x20 obj/function-d-2018-RND.o
                0x000033bc                libcreate::Motor::GetCount()
 .text._ZN4SG908SetAngleEt
                0x000033dc       0x9c obj/function-d-2018-RND.o
                0x000033dc                SG90::SetAngle(unsigned short)
 .text._ZN4SG908GetAngleEv
                0x00003478       0x64 obj/function-d-2018-RND.o
                0x00003478                SG90::GetAngle()
 .text._Z5getRXPN7libbase10UartDeviceE
                0x000034dc      0x434 obj/function-d-2018-RND.o
                0x000034dc                getRX(libbase::UartDevice*)
 .text._ZN7libbase10UartDevice6ConfigC2Ev
                0x00003910       0x2c obj/function-d-2018-RND.o
                0x00003910                libbase::UartDevice::Config::Config()
                0x00003910                libbase::UartDevice::Config::Config()
 .text._Z11GetBTConfigv
                0x0000393c       0x48 obj/function-d-2018-RND.o
                0x0000393c                GetBTConfig()
 .text._Z17GetJoystickConfigv
                0x00003984       0x30 obj/function-d-2018-RND.o
                0x00003984                GetJoystickConfig()
 .text._ZSt7forwardIRhEOT_RNSt16remove_referenceIS1_E4typeE
                0x000039b4       0x14 obj/function-d-2018-RND.o
                0x000039b4                unsigned char& std::forward<unsigned char&>(std::remove_reference<unsigned char&>::type&)
 .text._ZNSt4pairIhhEC1IRhS2_vEEOT_OT0_
                0x000039c8       0x38 obj/function-d-2018-RND.o
                0x000039c8                std::pair<unsigned char, unsigned char>::pair<unsigned char&, unsigned char&, void>(unsigned char&, unsigned char&)
 .text._ZSt9make_pairIRhS0_ESt4pairINSt17__decay_and_stripIT_E6__typeENS2_IT0_E6__typeEEOS3_OS6_
                0x00003a00       0x64 obj/function-d-2018-RND.o
                0x00003a00                std::pair<std::__decay_and_strip<unsigned char&>::__type, std::__decay_and_strip<unsigned char&>::__type> std::make_pair<unsigned char&, unsigned char&>(unsigned char&, unsigned char&)
 .text._ZZ7tunePIDvENKUlPfE_clES_
                0x00003a64       0x68 obj/function-d-2018-RND.o
 *fill*         0x00003acc        0x4 
 .text._Z7tunePIDv
                0x00003ad0      0x510 obj/function-d-2018-RND.o
                0x00003ad0                tunePID()
 .text._Z8MainAlgoRm
                0x00003fe0      0x73c obj/function-d-2018-RND.o
                0x00003fe0                MainAlgo(unsigned long&)
 .text._ZNSt14unary_functionIPN7libbase10UartDeviceEvEC2Ev
                0x0000471c       0x14 obj/function-d-2018-RND.o
                0x0000471c                std::unary_function<libbase::UartDevice*, void>::unary_function()
                0x0000471c                std::unary_function<libbase::UartDevice*, void>::unary_function()
 .text._ZNSt31_Maybe_unary_or_binary_functionIvIPN7libbase10UartDeviceEEEC2Ev
                0x00004730       0x1c obj/function-d-2018-RND.o
                0x00004730                std::_Maybe_unary_or_binary_function<void, libbase::UartDevice*>::_Maybe_unary_or_binary_function()
                0x00004730                std::_Maybe_unary_or_binary_function<void, libbase::UartDevice*>::_Maybe_unary_or_binary_function()
                0x00004730                std::_Maybe_unary_or_binary_function<void, libbase::UartDevice*>::_Maybe_unary_or_binary_function()
                0x00004730                std::_Maybe_unary_or_binary_function<void, libbase::UartDevice*>::_Maybe_unary_or_binary_function()
 .text._ZNSt8functionIFvPN7libbase10UartDeviceEEEC2EDn
                0x0000474c       0x24 obj/function-d-2018-RND.o
                0x0000474c                std::function<void (libbase::UartDevice*)>::function(decltype(nullptr))
                0x0000474c                std::function<void (libbase::UartDevice*)>::function(decltype(nullptr))
 .text._ZNSt6vectorIdSaIdEEC2Ev
                0x00004770       0x1c obj/function-d-2018-RND.o
                0x00004770                std::vector<double, std::allocator<double> >::vector()
                0x00004770                std::vector<double, std::allocator<double> >::vector()
 .text._ZNSt6vectorISt4pairIiiESaIS1_EEC2Ev
                0x0000478c       0x1c obj/function-d-2018-RND.o
                0x0000478c                std::vector<std::pair<int, int>, std::allocator<std::pair<int, int> > >::vector()
                0x0000478c                std::vector<std::pair<int, int>, std::allocator<std::pair<int, int> > >::vector()
 .text._ZNSt6vectorIdSaIdEE5clearEv
                0x000047a8       0x1c obj/function-d-2018-RND.o
                0x000047a8                std::vector<double, std::allocator<double> >::clear()
 .text._ZSt4moveIRdEONSt16remove_referenceIT_E4typeEOS2_
                0x000047c4       0x14 obj/function-d-2018-RND.o
                0x000047c4                std::remove_reference<double&>::type&& std::move<double&>(double&)
 .text._ZNSt6vectorIdSaIdEE9push_backEOd
                0x000047d8       0x24 obj/function-d-2018-RND.o
                0x000047d8                std::vector<double, std::allocator<double> >::push_back(double&&)
 .text._ZNSt6vectorIdSaIdEEixEj
                0x000047fc       0x1c obj/function-d-2018-RND.o
                0x000047fc                std::vector<double, std::allocator<double> >::operator[](unsigned int)
 .text._ZSt7forwardIRFvPN7libbase10UartDeviceEEEOT_RNSt16remove_referenceIS5_E4typeE
                0x00004818       0x14 obj/function-d-2018-RND.o
                0x00004818                void (&std::forward<void (&)(libbase::UartDevice*)>(std::remove_reference<void (&)(libbase::UartDevice*)>::type&))(libbase::UartDevice*)
 .text._ZNSt8functionIFvPN7libbase10UartDeviceEEEaSIRS3_EENSt9enable_ifIXsrSt6__and_IISt6__not_ISt7is_sameINSt5decayIT_E4typeES4_EESt5__or_IISt7is_voidIvESt14is_convertibleIDTclcl18__callable_functorcl7declvalIRSE_EEEcl7declvalIS2_EEEEvEEEEE5valueERS4_E4typeEOSC_
                0x0000482c       0x44 obj/function-d-2018-RND.o
                0x0000482c                std::enable_if<std::__and_<std::__not_<std::is_same<std::decay<void (&)(libbase::UartDevice*)>::type, std::function<void (libbase::UartDevice*)> > >, std::__or_<std::is_void<void>, std::is_convertible<decltype ((__callable_functor((declval<std::decay<void (&)(libbase::UartDevice*)>::type&>)()))((declval<libbase::UartDevice*>)())), void> > >::value, std::function<void (libbase::UartDevice*)>&>::type std::function<void (libbase::UartDevice*)>::operator=<void (&)(libbase::UartDevice*)>(void (&)(libbase::UartDevice*))
                0x0000482c                std::enable_if<std::__and_<std::__not_<std::is_same<std::decay<void (&)(libbase::UartDevice*)>::type, std::function<void (libbase::UartDevice*)> > >, std::__or_<std::is_void<void>, std::is_convertible<decltype ((__callable_functor((declval<std::decay<void (&)(libbase::UartDevice*)>::type&>)()))((declval<libbase::UartDevice*>)())), void> > >::value, std::function<void (libbase::UartDevice*)>&>::type std::function<void (libbase::UartDevice*)>::operator=<void (&)(libbase::UartDevice*)>(void (&)(libbase::UartDevice*))
 .text._ZNSt8functionIFvPN7libbase10UartDeviceEEEaSEDn
                0x00004870       0x38 obj/function-d-2018-RND.o
                0x00004870                std::function<void (libbase::UartDevice*)>::operator=(decltype(nullptr))
 .text._ZNKSt6vectorISt4pairIiiESaIS1_EE4sizeEv
                0x000048a8       0x20 obj/function-d-2018-RND.o
                0x000048a8                std::vector<std::pair<int, int>, std::allocator<std::pair<int, int> > >::size() const
 .text._ZSt7forwardISt4pairIhhEEOT_RNSt16remove_referenceIS2_E4typeE
                0x000048c8       0x14 obj/function-d-2018-RND.o
                0x000048c8                std::pair<unsigned char, unsigned char>&& std::forward<std::pair<unsigned char, unsigned char> >(std::remove_reference<std::pair<unsigned char, unsigned char> >::type&)
 .text._ZNSt6vectorISt4pairIiiESaIS1_EE12emplace_backIIS0_IhhEEEEvDpOT_
                0x000048dc       0x58 obj/function-d-2018-RND.o
                0x000048dc                void std::vector<std::pair<int, int>, std::allocator<std::pair<int, int> > >::emplace_back<std::pair<unsigned char, unsigned char> >(std::pair<unsigned char, unsigned char>&&)
                0x000048dc                void std::vector<std::pair<int, int>, std::allocator<std::pair<int, int> > >::emplace_back<std::pair<unsigned char, unsigned char> >(std::pair<unsigned char, unsigned char>&&)
 .text._ZNSt6vectorISt4pairIiiESaIS1_EE5beginEv
                0x00004934       0x20 obj/function-d-2018-RND.o
                0x00004934                std::vector<std::pair<int, int>, std::allocator<std::pair<int, int> > >::begin()
 .text._ZNSt6vectorISt4pairIiiESaIS1_EE5eraseEN9__gnu_cxx17__normal_iteratorIPS1_S3_EE
                0x00004954       0x90 obj/function-d-2018-RND.o
                0x00004954                std::vector<std::pair<int, int>, std::allocator<std::pair<int, int> > >::erase(__gnu_cxx::__normal_iterator<std::pair<int, int>*, std::vector<std::pair<int, int>, std::allocator<std::pair<int, int> > > >)
 .text._ZNSt6vectorISt4pairIiiESaIS1_EEixEj
                0x000049e4       0x1c obj/function-d-2018-RND.o
                0x000049e4                std::vector<std::pair<int, int>, std::allocator<std::pair<int, int> > >::operator[](unsigned int)
 .text._ZNSt8functionIFvPN7libbase10UartDeviceEEE4swapERS4_
                0x00004a00       0x40 obj/function-d-2018-RND.o
                0x00004a00                std::function<void (libbase::UartDevice*)>::swap(std::function<void (libbase::UartDevice*)>&)
 .text._ZNSt12_Vector_baseIdSaIdEE12_Vector_implD2Ev
                0x00004a40       0x1c obj/function-d-2018-RND.o
                0x00004a40                std::_Vector_base<double, std::allocator<double> >::_Vector_impl::~_Vector_impl()
                0x00004a40                std::_Vector_base<double, std::allocator<double> >::_Vector_impl::~_Vector_impl()
 .text._ZNSt12_Vector_baseIdSaIdEEC2Ev
                0x00004a5c       0x1c obj/function-d-2018-RND.o
                0x00004a5c                std::_Vector_base<double, std::allocator<double> >::_Vector_base()
                0x00004a5c                std::_Vector_base<double, std::allocator<double> >::_Vector_base()
 .text._ZNSt12_Vector_baseIdSaIdEED2Ev
                0x00004a78       0x38 obj/function-d-2018-RND.o
                0x00004a78                std::_Vector_base<double, std::allocator<double> >::~_Vector_base()
                0x00004a78                std::_Vector_base<double, std::allocator<double> >::~_Vector_base()
 .text._ZNSt12_Vector_baseISt4pairIiiESaIS1_EE12_Vector_implD2Ev
                0x00004ab0       0x1c obj/function-d-2018-RND.o
                0x00004ab0                std::_Vector_base<std::pair<int, int>, std::allocator<std::pair<int, int> > >::_Vector_impl::~_Vector_impl()
                0x00004ab0                std::_Vector_base<std::pair<int, int>, std::allocator<std::pair<int, int> > >::_Vector_impl::~_Vector_impl()
 .text._ZNSt12_Vector_baseISt4pairIiiESaIS1_EEC2Ev
                0x00004acc       0x1c obj/function-d-2018-RND.o
                0x00004acc                std::_Vector_base<std::pair<int, int>, std::allocator<std::pair<int, int> > >::_Vector_base()
                0x00004acc                std::_Vector_base<std::pair<int, int>, std::allocator<std::pair<int, int> > >::_Vector_base()
 .text._ZNSt12_Vector_baseISt4pairIiiESaIS1_EED2Ev
                0x00004ae8       0x38 obj/function-d-2018-RND.o
                0x00004ae8                std::_Vector_base<std::pair<int, int>, std::allocator<std::pair<int, int> > >::~_Vector_base()
                0x00004ae8                std::_Vector_base<std::pair<int, int>, std::allocator<std::pair<int, int> > >::~_Vector_base()
 .text._ZNSt6vectorIdSaIdEE15_M_erase_at_endEPd
                0x00004b20       0x30 obj/function-d-2018-RND.o
                0x00004b20                std::vector<double, std::allocator<double> >::_M_erase_at_end(double*)
 .text._ZSt7forwardIdEOT_RNSt16remove_referenceIS0_E4typeE
                0x00004b50       0x14 obj/function-d-2018-RND.o
                0x00004b50                double&& std::forward<double>(std::remove_reference<double>::type&)
 .text._ZNSt6vectorIdSaIdEE12emplace_backIIdEEEvDpOT_
                0x00004b64       0x58 obj/function-d-2018-RND.o
                0x00004b64                void std::vector<double, std::allocator<double> >::emplace_back<double>(double&&)
                0x00004b64                void std::vector<double, std::allocator<double> >::emplace_back<double>(double&&)
 .text._ZSt4moveIRPFvPN7libbase10UartDeviceEEEONSt16remove_referenceIT_E4typeEOS7_
                0x00004bbc       0x14 obj/function-d-2018-RND.o
                0x00004bbc                std::remove_reference<void (*&)(libbase::UartDevice*)>::type&& std::move<void (*&)(libbase::UartDevice*)>(void (*&)(libbase::UartDevice*))
 .text._ZNSt8functionIFvPN7libbase10UartDeviceEEEC2IPS3_vEET_
                0x00004bd0       0x5c obj/function-d-2018-RND.o
                0x00004bd0                std::function<void (libbase::UartDevice*)>::function<void (*)(libbase::UartDevice*), void>(void (*)(libbase::UartDevice*))
                0x00004bd0                std::function<void (libbase::UartDevice*)>::function<void (*)(libbase::UartDevice*), void>(void (*)(libbase::UartDevice*))
 .text._ZNSt16allocator_traitsISaISt4pairIiiEEE9constructIS1_IS0_IhhEEEEDTcl12_S_constructfp_fp0_spcl7forwardIT0_Efp1_EEERS2_PT_DpOS6_
                0x00004c2c       0x2c obj/function-d-2018-RND.o
                0x00004c2c                _ZNSt16allocator_traitsISaISt4pairIiiEEE9constructIS1_IS0_IhhEEEEDTcl12_S_constructfp_fp0_spcl7forwardIT0_Efp1_EEERS2_PT_DpOS6_
                0x00004c2c                decltype (_S_construct({parm#1}, {parm#2}, (forward<std::pair<unsigned char, unsigned char> >)({parm#3}))) std::allocator_traits<std::allocator<std::pair<int, int> > >::construct<std::pair<int, int>, std::pair<unsigned char, unsigned char> >(std::allocator<std::pair<int, int> >&, std::pair<int, int>*, std::pair<unsigned char, unsigned char>&&)
 .text._ZNSt6vectorISt4pairIiiESaIS1_EE19_M_emplace_back_auxIIS0_IhhEEEEvDpOT_
                0x00004c58       0xdc obj/function-d-2018-RND.o
                0x00004c58                void std::vector<std::pair<int, int>, std::allocator<std::pair<int, int> > >::_M_emplace_back_aux<std::pair<unsigned char, unsigned char> >(std::pair<unsigned char, unsigned char>&&)
                0x00004c58                void std::vector<std::pair<int, int>, std::allocator<std::pair<int, int> > >::_M_emplace_back_aux<std::pair<unsigned char, unsigned char> >(std::pair<unsigned char, unsigned char>&&)
 .text._ZN9__gnu_cxx17__normal_iteratorIPSt4pairIiiESt6vectorIS2_SaIS2_EEEC2ERKS3_
                0x00004d34       0x1c obj/function-d-2018-RND.o
                0x00004d34                __gnu_cxx::__normal_iterator<std::pair<int, int>*, std::vector<std::pair<int, int>, std::allocator<std::pair<int, int> > > >::__normal_iterator(std::pair<int, int>* const&)
                0x00004d34                __gnu_cxx::__normal_iterator<std::pair<int, int>*, std::vector<std::pair<int, int>, std::allocator<std::pair<int, int> > > >::__normal_iterator(std::pair<int, int>* const&)
 .text._ZNSt6vectorISt4pairIiiESaIS1_EE3endEv
                0x00004d50       0x24 obj/function-d-2018-RND.o
                0x00004d50                std::vector<std::pair<int, int>, std::allocator<std::pair<int, int> > >::end()
 .text._ZNK9__gnu_cxx17__normal_iteratorIPSt4pairIiiESt6vectorIS2_SaIS2_EEEplERKi
                0x00004d74       0x34 obj/function-d-2018-RND.o
                0x00004d74                __gnu_cxx::__normal_iterator<std::pair<int, int>*, std::vector<std::pair<int, int>, std::allocator<std::pair<int, int> > > >::operator+(int const&) const
 .text._ZN9__gnu_cxxneIPSt4pairIiiESt6vectorIS2_SaIS2_EEEEbRKNS_17__normal_iteratorIT_T0_EESC_
                0x00004da8       0x34 obj/function-d-2018-RND.o
                0x00004da8                bool __gnu_cxx::operator!=<std::pair<int, int>*, std::vector<std::pair<int, int>, std::allocator<std::pair<int, int> > > >(__gnu_cxx::__normal_iterator<std::pair<int, int>*, std::vector<std::pair<int, int>, std::allocator<std::pair<int, int> > > > const&, __gnu_cxx::__normal_iterator<std::pair<int, int>*, std::vector<std::pair<int, int>, std::allocator<std::pair<int, int> > > > const&)
 .text._ZSt4moveIN9__gnu_cxx17__normal_iteratorIPSt4pairIiiESt6vectorIS3_SaIS3_EEEES8_ET0_T_SA_S9_
                0x00004ddc       0x38 obj/function-d-2018-RND.o
                0x00004ddc                __gnu_cxx::__normal_iterator<std::pair<int, int>*, std::vector<std::pair<int, int>, std::allocator<std::pair<int, int> > > > std::move<__gnu_cxx::__normal_iterator<std::pair<int, int>*, std::vector<std::pair<int, int>, std::allocator<std::pair<int, int> > > >, __gnu_cxx::__normal_iterator<std::pair<int, int>*, std::vector<std::pair<int, int>, std::allocator<std::pair<int, int> > > > >(__gnu_cxx::__normal_iterator<std::pair<int, int>*, std::vector<std::pair<int, int>, std::allocator<std::pair<int, int> > > >, __gnu_cxx::__normal_iterator<std::pair<int, int>*, std::vector<std::pair<int, int>, std::allocator<std::pair<int, int> > > >, __gnu_cxx::__normal_iterator<std::pair<int, int>*, std::vector<std::pair<int, int>, std::allocator<std::pair<int, int> > > >)
 .text._ZNSt16allocator_traitsISaISt4pairIiiEEE7destroyIS1_EEvRS2_PT_
                0x00004e14       0x1c obj/function-d-2018-RND.o
                0x00004e14                void std::allocator_traits<std::allocator<std::pair<int, int> > >::destroy<std::pair<int, int> >(std::allocator<std::pair<int, int> >&, std::pair<int, int>*)
 .text._ZSt4moveIRSt9_Any_dataEONSt16remove_referenceIT_E4typeEOS3_
                0x00004e30       0x14 obj/function-d-2018-RND.o
                0x00004e30                std::remove_reference<std::_Any_data&>::type&& std::move<std::_Any_data&>(std::_Any_data&)
 .text._ZSt4swapISt9_Any_dataEvRT_S2_
                0x00004e44       0x44 obj/function-d-2018-RND.o
                0x00004e44                void std::swap<std::_Any_data>(std::_Any_data&, std::_Any_data&)
 .text._ZSt4moveIRPFbRSt9_Any_dataRKS0_St18_Manager_operationEEONSt16remove_referenceIT_E4typeEOS9_
                0x00004e88       0x14 obj/function-d-2018-RND.o
                0x00004e88                std::remove_reference<bool (*&)(std::_Any_data&, std::_Any_data const&, std::_Manager_operation)>::type&& std::move<bool (*&)(std::_Any_data&, std::_Any_data const&, std::_Manager_operation)>(bool (*&)(std::_Any_data&, std::_Any_data const&, std::_Manager_operation))
 .text._ZSt4swapIPFbRSt9_Any_dataRKS0_St18_Manager_operationEEvRT_S8_
                0x00004e9c       0x40 obj/function-d-2018-RND.o
                0x00004e9c                void std::swap<bool (*)(std::_Any_data&, std::_Any_data const&, std::_Manager_operation)>(bool (*&)(std::_Any_data&, std::_Any_data const&, std::_Manager_operation), bool (*&)(std::_Any_data&, std::_Any_data const&, std::_Manager_operation))
 .text._ZSt4moveIRPFvRKSt9_Any_dataPN7libbase10UartDeviceEEEONSt16remove_referenceIT_E4typeEOSA_
                0x00004edc       0x14 obj/function-d-2018-RND.o
                0x00004edc                std::remove_reference<void (*&)(std::_Any_data const&, libbase::UartDevice*)>::type&& std::move<void (*&)(std::_Any_data const&, libbase::UartDevice*)>(void (*&)(std::_Any_data const&, libbase::UartDevice*))
 .text._ZSt4swapIPFvRKSt9_Any_dataPN7libbase10UartDeviceEEEvRT_S9_
                0x00004ef0       0x40 obj/function-d-2018-RND.o
                0x00004ef0                void std::swap<void (*)(std::_Any_data const&, libbase::UartDevice*)>(void (*&)(std::_Any_data const&, libbase::UartDevice*), void (*&)(std::_Any_data const&, libbase::UartDevice*))
 .text._ZNSt12_Vector_baseIdSaIdEE12_Vector_implC2Ev
                0x00004f30       0x2c obj/function-d-2018-RND.o
                0x00004f30                std::_Vector_base<double, std::allocator<double> >::_Vector_impl::_Vector_impl()
                0x00004f30                std::_Vector_base<double, std::allocator<double> >::_Vector_impl::_Vector_impl()
 .text._ZNSaIdED2Ev
                0x00004f5c       0x1c obj/function-d-2018-RND.o
                0x00004f5c                std::allocator<double>::~allocator()
                0x00004f5c                std::allocator<double>::~allocator()
 .text._ZNSt12_Vector_baseIdSaIdEE13_M_deallocateEPdj
                0x00004f78       0x28 obj/function-d-2018-RND.o
                0x00004f78                std::_Vector_base<double, std::allocator<double> >::_M_deallocate(double*, unsigned int)
 .text._ZNSt12_Vector_baseISt4pairIiiESaIS1_EE12_Vector_implC2Ev
                0x00004fa0       0x2c obj/function-d-2018-RND.o
                0x00004fa0                std::_Vector_base<std::pair<int, int>, std::allocator<std::pair<int, int> > >::_Vector_impl::_Vector_impl()
                0x00004fa0                std::_Vector_base<std::pair<int, int>, std::allocator<std::pair<int, int> > >::_Vector_impl::_Vector_impl()
 .text._ZNSaISt4pairIiiEED2Ev
                0x00004fcc       0x1c obj/function-d-2018-RND.o
                0x00004fcc                std::allocator<std::pair<int, int> >::~allocator()
                0x00004fcc                std::allocator<std::pair<int, int> >::~allocator()
 .text._ZNSt12_Vector_baseISt4pairIiiESaIS1_EE13_M_deallocateEPS1_j
                0x00004fe8       0x28 obj/function-d-2018-RND.o
                0x00004fe8                std::_Vector_base<std::pair<int, int>, std::allocator<std::pair<int, int> > >::_M_deallocate(std::pair<int, int>*, unsigned int)
 .text._ZNSt12_Vector_baseIdSaIdEE19_M_get_Tp_allocatorEv
                0x00005010       0x14 obj/function-d-2018-RND.o
                0x00005010                std::_Vector_base<double, std::allocator<double> >::_M_get_Tp_allocator()
 .text._ZSt8_DestroyIPddEvT_S1_RSaIT0_E
                0x00005024       0x20 obj/function-d-2018-RND.o
                0x00005024                void std::_Destroy<double*, double>(double*, double*, std::allocator<double>&)
 .text._ZNSt16allocator_traitsISaIdEE9constructIdIdEEEDTcl12_S_constructfp_fp0_spcl7forwardIT0_Efp1_EEERS0_PT_DpOS3_
                0x00005044       0x2c obj/function-d-2018-RND.o
                0x00005044                decltype (_S_construct({parm#1}, {parm#2}, (forward<double>)({parm#3}))) std::allocator_traits<std::allocator<double> >::construct<double, double>(std::allocator<double>&, double*, double&&)
                0x00005044                decltype (_S_construct({parm#1}, {parm#2}, (forward<double>)({parm#3}))) std::allocator_traits<std::allocator<double> >::construct<double, double>(std::allocator<double>&, double*, double&&)
 .text._ZNSt6vectorIdSaIdEE19_M_emplace_back_auxIIdEEEvDpOT_
                0x00005070       0xdc obj/function-d-2018-RND.o
                0x00005070                void std::vector<double, std::allocator<double> >::_M_emplace_back_aux<double>(double&&)
                0x00005070                void std::vector<double, std::allocator<double> >::_M_emplace_back_aux<double>(double&&)
 .text._ZNSt14_Function_base13_Base_managerIPFvPN7libbase10UartDeviceEEE21_M_not_empty_functionIS4_EEbRKPT_
                0x0000514c       0x1c obj/function-d-2018-RND.o
                0x0000514c                bool std::_Function_base::_Base_manager<void (*)(libbase::UartDevice*)>::_M_not_empty_function<void (libbase::UartDevice*)>(void (* const&)(libbase::UartDevice*))
 .text._ZNSt14_Function_base13_Base_managerIPFvPN7libbase10UartDeviceEEE15_M_init_functorERSt9_Any_dataOS5_
                0x00005168       0x28 obj/function-d-2018-RND.o
                0x00005168                std::_Function_base::_Base_manager<void (*)(libbase::UartDevice*)>::_M_init_functor(std::_Any_data&, void (*&&)(libbase::UartDevice*))
 .text._ZSt7forwardIPN7libbase10UartDeviceEEOT_RNSt16remove_referenceIS3_E4typeE
                0x00005190       0x14 obj/function-d-2018-RND.o
                0x00005190                libbase::UartDevice*&& std::forward<libbase::UartDevice*>(std::remove_reference<libbase::UartDevice*>::type&)
 .text._ZNSt17_Function_handlerIFvPN7libbase10UartDeviceEEPS3_E9_M_invokeERKSt9_Any_dataS2_
                0x000051a4       0x2c obj/function-d-2018-RND.o
                0x000051a4                std::_Function_handler<void (libbase::UartDevice*), void (*)(libbase::UartDevice*)>::_M_invoke(std::_Any_data const&, libbase::UartDevice*)
 .text._ZNSt14_Function_base13_Base_managerIPFvPN7libbase10UartDeviceEEE10_M_managerERSt9_Any_dataRKS7_St18_Manager_operation
                0x000051d0       0x5c obj/function-d-2018-RND.o
                0x000051d0                std::_Function_base::_Base_manager<void (*)(libbase::UartDevice*)>::_M_manager(std::_Any_data&, std::_Any_data const&, std::_Manager_operation)
 .text._ZNSt16allocator_traitsISaISt4pairIiiEEE12_S_constructIS1_IS0_IhhEEEENSt9enable_ifIXsrNS3_18__construct_helperIT_IDpT0_EEE5valueEvE4typeERS2_PS8_DpOS9_
                0x0000522c       0x2c obj/function-d-2018-RND.o
                0x0000522c                std::enable_if<std::allocator_traits<std::allocator<std::pair<int, int> > >::__construct_helper<std::pair<int, int>, std::pair<unsigned char, unsigned char> >::value, void>::type std::allocator_traits<std::allocator<std::pair<int, int> > >::_S_construct<std::pair<int, int>, std::pair<unsigned char, unsigned char> >(std::allocator<std::pair<int, int> >&, std::pair<int, int>*, std::pair<unsigned char, unsigned char>&&)
                0x0000522c                _ZNSt16allocator_traitsISaISt4pairIiiEEE12_S_constructIS1_IS0_IhhEEEENSt9enable_ifIXsrNS3_18__construct_helperIT_IDpT0_EEE5valueEvE4typeERS2_PS8_DpOS9_
 .text._ZNKSt6vectorISt4pairIiiESaIS1_EE12_M_check_lenEjPKc
                0x00005258       0x9c obj/function-d-2018-RND.o
                0x00005258                std::vector<std::pair<int, int>, std::allocator<std::pair<int, int> > >::_M_check_len(unsigned int, char const*) const
 .text._ZNSt12_Vector_baseISt4pairIiiESaIS1_EE11_M_allocateEj
                0x000052f4       0x2c obj/function-d-2018-RND.o
                0x000052f4                std::_Vector_base<std::pair<int, int>, std::allocator<std::pair<int, int> > >::_M_allocate(unsigned int)
 .text._ZNSt12_Vector_baseISt4pairIiiESaIS1_EE19_M_get_Tp_allocatorEv
                0x00005320       0x14 obj/function-d-2018-RND.o
                0x00005320                std::_Vector_base<std::pair<int, int>, std::allocator<std::pair<int, int> > >::_M_get_Tp_allocator()
 .text._ZSt34__uninitialized_move_if_noexcept_aIPSt4pairIiiES2_SaIS1_EET0_T_S5_S4_RT1_
                0x00005334       0x38 obj/function-d-2018-RND.o
                0x00005334                std::pair<int, int>* std::__uninitialized_move_if_noexcept_a<std::pair<int, int>*, std::pair<int, int>*, std::allocator<std::pair<int, int> > >(std::pair<int, int>*, std::pair<int, int>*, std::pair<int, int>*, std::allocator<std::pair<int, int> >&)
 .text._ZSt8_DestroyIPSt4pairIiiES1_EvT_S3_RSaIT0_E
                0x0000536c       0x20 obj/function-d-2018-RND.o
                0x0000536c                void std::_Destroy<std::pair<int, int>*, std::pair<int, int> >(std::pair<int, int>*, std::pair<int, int>*, std::allocator<std::pair<int, int> >&)
 .text._ZNK9__gnu_cxx17__normal_iteratorIPSt4pairIiiESt6vectorIS2_SaIS2_EEE4baseEv
                0x0000538c       0x14 obj/function-d-2018-RND.o
                0x0000538c                __gnu_cxx::__normal_iterator<std::pair<int, int>*, std::vector<std::pair<int, int>, std::allocator<std::pair<int, int> > > >::base() const
 .text._ZSt12__miter_baseIN9__gnu_cxx17__normal_iteratorIPSt4pairIiiESt6vectorIS3_SaIS3_EEEEENSt11_Miter_baseIT_E13iterator_typeESA_
                0x000053a0       0x1c obj/function-d-2018-RND.o
                0x000053a0                std::_Miter_base<__gnu_cxx::__normal_iterator<std::pair<int, int>*, std::vector<std::pair<int, int>, std::allocator<std::pair<int, int> > > > >::iterator_type std::__miter_base<__gnu_cxx::__normal_iterator<std::pair<int, int>*, std::vector<std::pair<int, int>, std::allocator<std::pair<int, int> > > > >(__gnu_cxx::__normal_iterator<std::pair<int, int>*, std::vector<std::pair<int, int>, std::allocator<std::pair<int, int> > > >)
 .text._ZSt14__copy_move_a2ILb1EN9__gnu_cxx17__normal_iteratorIPSt4pairIiiESt6vectorIS3_SaIS3_EEEES8_ET1_T0_SA_S9_
                0x000053bc       0x54 obj/function-d-2018-RND.o
                0x000053bc                __gnu_cxx::__normal_iterator<std::pair<int, int>*, std::vector<std::pair<int, int>, std::allocator<std::pair<int, int> > > > std::__copy_move_a2<true, __gnu_cxx::__normal_iterator<std::pair<int, int>*, std::vector<std::pair<int, int>, std::allocator<std::pair<int, int> > > >, __gnu_cxx::__normal_iterator<std::pair<int, int>*, std::vector<std::pair<int, int>, std::allocator<std::pair<int, int> > > > >(__gnu_cxx::__normal_iterator<std::pair<int, int>*, std::vector<std::pair<int, int>, std::allocator<std::pair<int, int> > > >, __gnu_cxx::__normal_iterator<std::pair<int, int>*, std::vector<std::pair<int, int>, std::allocator<std::pair<int, int> > > >, __gnu_cxx::__normal_iterator<std::pair<int, int>*, std::vector<std::pair<int, int>, std::allocator<std::pair<int, int> > > >)
 .text._ZNSt16allocator_traitsISaISt4pairIiiEEE10_S_destroyIS1_EENSt9enable_ifIXsrNS3_16__destroy_helperIT_EE5valueEvE4typeERS2_PS7_
                0x00005410       0x1c obj/function-d-2018-RND.o
                0x00005410                std::enable_if<std::allocator_traits<std::allocator<std::pair<int, int> > >::__destroy_helper<std::pair<int, int> >::value, void>::type std::allocator_traits<std::allocator<std::pair<int, int> > >::_S_destroy<std::pair<int, int> >(std::allocator<std::pair<int, int> >&, std::pair<int, int>*)
 .text._ZNSaIdEC2Ev
                0x0000542c       0x1c obj/function-d-2018-RND.o
                0x0000542c                std::allocator<double>::allocator()
                0x0000542c                std::allocator<double>::allocator()
 .text._ZN9__gnu_cxx13new_allocatorIdED2Ev
                0x00005448       0x14 obj/function-d-2018-RND.o
                0x00005448                __gnu_cxx::new_allocator<double>::~new_allocator()
                0x00005448                __gnu_cxx::new_allocator<double>::~new_allocator()
 .text._ZN9__gnu_cxx13new_allocatorIdE10deallocateEPdj
                0x0000545c       0x1c obj/function-d-2018-RND.o
                0x0000545c                __gnu_cxx::new_allocator<double>::deallocate(double*, unsigned int)
 .text._ZNSaISt4pairIiiEEC2Ev
                0x00005478       0x1c obj/function-d-2018-RND.o
                0x00005478                std::allocator<std::pair<int, int> >::allocator()
                0x00005478                std::allocator<std::pair<int, int> >::allocator()
 .text._ZN9__gnu_cxx13new_allocatorISt4pairIiiEED2Ev
                0x00005494       0x14 obj/function-d-2018-RND.o
                0x00005494                __gnu_cxx::new_allocator<std::pair<int, int> >::~new_allocator()
                0x00005494                __gnu_cxx::new_allocator<std::pair<int, int> >::~new_allocator()
 .text._ZN9__gnu_cxx13new_allocatorISt4pairIiiEE10deallocateEPS2_j
                0x000054a8       0x1c obj/function-d-2018-RND.o
                0x000054a8                __gnu_cxx::new_allocator<std::pair<int, int> >::deallocate(std::pair<int, int>*, unsigned int)
 .text._ZSt8_DestroyIPdEvT_S1_
                0x000054c4       0x1c obj/function-d-2018-RND.o
                0x000054c4                void std::_Destroy<double*>(double*, double*)
 .text._ZNSt16allocator_traitsISaIdEE12_S_constructIdIdEEENSt9enable_ifIXsrNS1_18__construct_helperIT_IDpT0_EEE5valueEvE4typeERS0_PS5_DpOS6_
                0x000054e0       0x2c obj/function-d-2018-RND.o
                0x000054e0                std::enable_if<std::allocator_traits<std::allocator<double> >::__construct_helper<double<double> >::value, void>::type std::allocator_traits<std::allocator<double> >::_S_construct<double, double>(std::allocator<double>&, double*, double&&)
                0x000054e0                std::enable_if<std::allocator_traits<std::allocator<double> >::__construct_helper<double, double>::value, void>::type std::allocator_traits<std::allocator<double> >::_S_construct<double, double>(std::allocator<double>&, double*, double&&)
 .text._ZNKSt6vectorIdSaIdEE12_M_check_lenEjPKc
                0x0000550c       0x9c obj/function-d-2018-RND.o
                0x0000550c                std::vector<double, std::allocator<double> >::_M_check_len(unsigned int, char const*) const
 .text._ZNSt12_Vector_baseIdSaIdEE11_M_allocateEj
                0x000055a8       0x2c obj/function-d-2018-RND.o
                0x000055a8                std::_Vector_base<double, std::allocator<double> >::_M_allocate(unsigned int)
 .text._ZNKSt6vectorIdSaIdEE4sizeEv
                0x000055d4       0x20 obj/function-d-2018-RND.o
                0x000055d4                std::vector<double, std::allocator<double> >::size() const
 .text._ZSt34__uninitialized_move_if_noexcept_aIPdS0_SaIdEET0_T_S3_S2_RT1_
                0x000055f4       0x38 obj/function-d-2018-RND.o
                0x000055f4                double* std::__uninitialized_move_if_noexcept_a<double*, double*, std::allocator<double> >(double*, double*, double*, std::allocator<double>&)
 .text._ZNSt14_Function_base13_Base_managerIPFvPN7libbase10UartDeviceEEE15_M_init_functorERSt9_Any_dataOS5_St17integral_constantIbLb1EE
                0x0000562c       0x3c obj/function-d-2018-RND.o
                0x0000562c                std::_Function_base::_Base_manager<void (*)(libbase::UartDevice*)>::_M_init_functor(std::_Any_data&, void (*&&)(libbase::UartDevice*), std::integral_constant<bool, true>)
 .text._ZNSt14_Function_base13_Base_managerIPFvPN7libbase10UartDeviceEEE14_M_get_pointerERKSt9_Any_data
                0x00005668       0x28 obj/function-d-2018-RND.o
                0x00005668                std::_Function_base::_Base_manager<void (*)(libbase::UartDevice*)>::_M_get_pointer(std::_Any_data const&)
 .text._ZNSt9_Any_data9_M_accessIPPFvPN7libbase10UartDeviceEEEERT_v
                0x00005690       0x1c obj/function-d-2018-RND.o
                0x00005690                void (**&std::_Any_data::_M_access<void (**)(libbase::UartDevice*)>())(libbase::UartDevice*)
 .text._ZNSt14_Function_base13_Base_managerIPFvPN7libbase10UartDeviceEEE8_M_cloneERSt9_Any_dataRKS7_St17integral_constantIbLb1EE
                0x000056ac       0x3c obj/function-d-2018-RND.o
                0x000056ac                std::_Function_base::_Base_manager<void (*)(libbase::UartDevice*)>::_M_clone(std::_Any_data&, std::_Any_data const&, std::integral_constant<bool, true>)
 .text._ZNSt14_Function_base13_Base_managerIPFvPN7libbase10UartDeviceEEE10_M_destroyERSt9_Any_dataSt17integral_constantIbLb1EE
                0x000056e8       0x1c obj/function-d-2018-RND.o
                0x000056e8                std::_Function_base::_Base_manager<void (*)(libbase::UartDevice*)>::_M_destroy(std::_Any_data&, std::integral_constant<bool, true>)
 .text._ZSt7forwardIhEOT_RNSt16remove_referenceIS0_E4typeE
                0x00005704       0x14 obj/function-d-2018-RND.o
                0x00005704                unsigned char&& std::forward<unsigned char>(std::remove_reference<unsigned char>::type&)
 .text._ZNSt4pairIiiEC2IhhvEEOS_IT_T0_E
                0x00005718       0x3c obj/function-d-2018-RND.o
                0x00005718                std::pair<int, int>::pair<unsigned char, unsigned char, void>(std::pair<unsigned char, unsigned char>&&)
                0x00005718                std::pair<int, int>::pair<unsigned char, unsigned char, void>(std::pair<unsigned char, unsigned char>&&)
 .text._ZN9__gnu_cxx13new_allocatorISt4pairIiiEE9constructIS2_IS1_IhhEEEEvPT_DpOT0_
                0x00005754       0x34 obj/function-d-2018-RND.o
                0x00005754                _ZN9__gnu_cxx13new_allocatorISt4pairIiiEE9constructIS2_IS1_IhhEEEEvPT_DpOT0_
                0x00005754                void __gnu_cxx::new_allocator<std::pair<int, int> >::construct<std::pair<int, int>, std::pair<unsigned char, unsigned char> >(std::pair<int, int>*, std::pair<unsigned char, unsigned char>&&)
 .text._ZNKSt6vectorISt4pairIiiESaIS1_EE8max_sizeEv
                0x00005788       0x24 obj/function-d-2018-RND.o
                0x00005788                std::vector<std::pair<int, int>, std::allocator<std::pair<int, int> > >::max_size() const
 .text._ZSt3maxIjERKT_S2_S2_
                0x000057ac       0x24 obj/function-d-2018-RND.o
                0x000057ac                unsigned int const& std::max<unsigned int>(unsigned int const&, unsigned int const&)
 .text._ZN9__gnu_cxx13new_allocatorISt4pairIiiEE8allocateEjPKv
                0x000057d0       0x3c obj/function-d-2018-RND.o
                0x000057d0                __gnu_cxx::new_allocator<std::pair<int, int> >::allocate(unsigned int, void const*)
 .text._ZSt32__make_move_if_noexcept_iteratorIPSt4pairIiiESt13move_iteratorIS2_EET0_T_
                0x0000580c       0x20 obj/function-d-2018-RND.o
                0x0000580c                std::move_iterator<std::pair<int, int>*> std::__make_move_if_noexcept_iterator<std::pair<int, int>*, std::move_iterator<std::pair<int, int>*> >(std::pair<int, int>*)
 .text._ZSt22__uninitialized_copy_aISt13move_iteratorIPSt4pairIiiEES3_S2_ET0_T_S6_S5_RSaIT1_E
                0x0000582c       0x28 obj/function-d-2018-RND.o
                0x0000582c                std::pair<int, int>* std::__uninitialized_copy_a<std::move_iterator<std::pair<int, int>*>, std::pair<int, int>*, std::pair<int, int> >(std::move_iterator<std::pair<int, int>*>, std::move_iterator<std::pair<int, int>*>, std::pair<int, int>*, std::allocator<std::pair<int, int> >&)
 .text._ZSt8_DestroyIPSt4pairIiiEEvT_S3_
                0x00005854       0x1c obj/function-d-2018-RND.o
                0x00005854                void std::_Destroy<std::pair<int, int>*>(std::pair<int, int>*, std::pair<int, int>*)
 .text._ZNSt10_Iter_baseIN9__gnu_cxx17__normal_iteratorIPSt4pairIiiESt6vectorIS3_SaIS3_EEEELb0EE7_S_baseES8_
                0x00005870       0x14 obj/function-d-2018-RND.o
                0x00005870                std::_Iter_base<__gnu_cxx::__normal_iterator<std::pair<int, int>*, std::vector<std::pair<int, int>, std::allocator<std::pair<int, int> > > >, false>::_S_base(__gnu_cxx::__normal_iterator<std::pair<int, int>*, std::vector<std::pair<int, int>, std::allocator<std::pair<int, int> > > >)
 .text._ZSt12__niter_baseIN9__gnu_cxx17__normal_iteratorIPSt4pairIiiESt6vectorIS3_SaIS3_EEEEENSt11_Niter_baseIT_E13iterator_typeESA_
                0x00005884       0x1c obj/function-d-2018-RND.o
                0x00005884                std::_Niter_base<__gnu_cxx::__normal_iterator<std::pair<int, int>*, std::vector<std::pair<int, int>, std::allocator<std::pair<int, int> > > > >::iterator_type std::__niter_base<__gnu_cxx::__normal_iterator<std::pair<int, int>*, std::vector<std::pair<int, int>, std::allocator<std::pair<int, int> > > > >(__gnu_cxx::__normal_iterator<std::pair<int, int>*, std::vector<std::pair<int, int>, std::allocator<std::pair<int, int> > > >)
 .text._ZSt13__copy_move_aILb1EPSt4pairIiiES2_ET1_T0_S4_S3_
                0x000058a0       0x30 obj/function-d-2018-RND.o
                0x000058a0                std::pair<int, int>* std::__copy_move_a<true, std::pair<int, int>*, std::pair<int, int>*>(std::pair<int, int>*, std::pair<int, int>*, std::pair<int, int>*)
 .text._ZN9__gnu_cxx13new_allocatorISt4pairIiiEE7destroyIS2_EEvPT_
                0x000058d0       0x10 obj/function-d-2018-RND.o
                0x000058d0                void __gnu_cxx::new_allocator<std::pair<int, int> >::destroy<std::pair<int, int> >(std::pair<int, int>*)
 .text._ZN9__gnu_cxx13new_allocatorIdEC2Ev
                0x000058e0       0x14 obj/function-d-2018-RND.o
                0x000058e0                __gnu_cxx::new_allocator<double>::new_allocator()
                0x000058e0                __gnu_cxx::new_allocator<double>::new_allocator()
 .text._ZN9__gnu_cxx13new_allocatorISt4pairIiiEEC2Ev
                0x000058f4       0x14 obj/function-d-2018-RND.o
                0x000058f4                __gnu_cxx::new_allocator<std::pair<int, int> >::new_allocator()
                0x000058f4                __gnu_cxx::new_allocator<std::pair<int, int> >::new_allocator()
 .text._ZNSt12_Destroy_auxILb1EE9__destroyIPdEEvT_S3_
                0x00005908       0x10 obj/function-d-2018-RND.o
                0x00005908                void std::_Destroy_aux<true>::__destroy<double*>(double*, double*)
 .text._ZN9__gnu_cxx13new_allocatorIdE9constructIdIdEEEvPT_DpOT0_
                0x00005918       0x34 obj/function-d-2018-RND.o
                0x00005918                void __gnu_cxx::new_allocator<double>::construct<double, double>(double*, double&&)
                0x00005918                void __gnu_cxx::new_allocator<double>::construct<double, double>(double*, double&&)
 .text._ZNKSt6vectorIdSaIdEE8max_sizeEv
                0x0000594c       0x24 obj/function-d-2018-RND.o
                0x0000594c                std::vector<double, std::allocator<double> >::max_size() const
 .text._ZN9__gnu_cxx13new_allocatorIdE8allocateEjPKv
                0x00005970       0x3c obj/function-d-2018-RND.o
                0x00005970                __gnu_cxx::new_allocator<double>::allocate(unsigned int, void const*)
 .text._ZSt32__make_move_if_noexcept_iteratorIPdSt13move_iteratorIS0_EET0_T_
                0x000059ac       0x20 obj/function-d-2018-RND.o
                0x000059ac                std::move_iterator<double*> std::__make_move_if_noexcept_iterator<double*, std::move_iterator<double*> >(double*)
 .text._ZSt22__uninitialized_copy_aISt13move_iteratorIPdES1_dET0_T_S4_S3_RSaIT1_E
                0x000059cc       0x28 obj/function-d-2018-RND.o
                0x000059cc                double* std::__uninitialized_copy_a<std::move_iterator<double*>, double*, double>(std::move_iterator<double*>, std::move_iterator<double*>, double*, std::allocator<double>&)
 .text._ZNKSt9_Any_data9_M_accessIPFvPN7libbase10UartDeviceEEEERKT_v
                0x000059f4       0x1c obj/function-d-2018-RND.o
                0x000059f4                void (* const&std::_Any_data::_M_access<void (*)(libbase::UartDevice*)>() const)(libbase::UartDevice*)
 .text._ZSt11__addressofIKPFvPN7libbase10UartDeviceEEEPT_RS6_
                0x00005a10       0x14 obj/function-d-2018-RND.o
                0x00005a10                void (* const*std::__addressof<void (* const)(libbase::UartDevice*)>(void (* const&)(libbase::UartDevice*)))(libbase::UartDevice*)
 .text._ZNSt9_Any_data9_M_accessIPFvPN7libbase10UartDeviceEEEERT_v
                0x00005a24       0x1c obj/function-d-2018-RND.o
                0x00005a24                void (*&std::_Any_data::_M_access<void (*)(libbase::UartDevice*)>())(libbase::UartDevice*)
 .text._ZNSt16allocator_traitsISaISt4pairIiiEEE8max_sizeERKS2_
                0x00005a40       0x1c obj/function-d-2018-RND.o
                0x00005a40                std::allocator_traits<std::allocator<std::pair<int, int> > >::max_size(std::allocator<std::pair<int, int> > const&)
 .text._ZNKSt12_Vector_baseISt4pairIiiESaIS1_EE19_M_get_Tp_allocatorEv
                0x00005a5c       0x14 obj/function-d-2018-RND.o
                0x00005a5c                std::_Vector_base<std::pair<int, int>, std::allocator<std::pair<int, int> > >::_M_get_Tp_allocator() const
 .text._ZNK9__gnu_cxx13new_allocatorISt4pairIiiEE8max_sizeEv
                0x00005a70       0x18 obj/function-d-2018-RND.o
                0x00005a70                __gnu_cxx::new_allocator<std::pair<int, int> >::max_size() const
 .text._ZNSt13move_iteratorIPSt4pairIiiEEC2ES2_
                0x00005a88       0x1c obj/function-d-2018-RND.o
                0x00005a88                std::move_iterator<std::pair<int, int>*>::move_iterator(std::pair<int, int>*)
                0x00005a88                std::move_iterator<std::pair<int, int>*>::move_iterator(std::pair<int, int>*)
 .text._ZSt18uninitialized_copyISt13move_iteratorIPSt4pairIiiEES3_ET0_T_S6_S5_
                0x00005aa4       0x28 obj/function-d-2018-RND.o
                0x00005aa4                std::pair<int, int>* std::uninitialized_copy<std::move_iterator<std::pair<int, int>*>, std::pair<int, int>*>(std::move_iterator<std::pair<int, int>*>, std::move_iterator<std::pair<int, int>*>, std::pair<int, int>*)
 .text._ZNSt12_Destroy_auxILb1EE9__destroyIPSt4pairIiiEEEvT_S5_
                0x00005acc       0x10 obj/function-d-2018-RND.o
                0x00005acc                void std::_Destroy_aux<true>::__destroy<std::pair<int, int>*>(std::pair<int, int>*, std::pair<int, int>*)
 .text._ZNSt10_Iter_baseIN9__gnu_cxx17__normal_iteratorIPSt4pairIiiESt6vectorIS3_SaIS3_EEEELb1EE7_S_baseES8_
                0x00005adc       0x1c obj/function-d-2018-RND.o
                0x00005adc                std::_Iter_base<__gnu_cxx::__normal_iterator<std::pair<int, int>*, std::vector<std::pair<int, int>, std::allocator<std::pair<int, int> > > >, true>::_S_base(__gnu_cxx::__normal_iterator<std::pair<int, int>*, std::vector<std::pair<int, int>, std::allocator<std::pair<int, int> > > >)
 .text._ZSt4moveIRSt4pairIiiEEONSt16remove_referenceIT_E4typeEOS4_
                0x00005af8       0x14 obj/function-d-2018-RND.o
                0x00005af8                std::remove_reference<std::pair<int, int>&>::type&& std::move<std::pair<int, int>&>(std::pair<int, int>&)
 .text._ZNSt11__copy_moveILb1ELb0ESt26random_access_iterator_tagE8__copy_mIPSt4pairIiiES5_EET0_T_S7_S6_
                0x00005b0c       0x50 obj/function-d-2018-RND.o
                0x00005b0c                std::pair<int, int>* std::__copy_move<true, false, std::random_access_iterator_tag>::__copy_m<std::pair<int, int>*, std::pair<int, int>*>(std::pair<int, int>*, std::pair<int, int>*, std::pair<int, int>*)
 .text._ZNSt16allocator_traitsISaIdEE8max_sizeERKS0_
                0x00005b5c       0x1c obj/function-d-2018-RND.o
                0x00005b5c                std::allocator_traits<std::allocator<double> >::max_size(std::allocator<double> const&)
 .text._ZNKSt12_Vector_baseIdSaIdEE19_M_get_Tp_allocatorEv
                0x00005b78       0x14 obj/function-d-2018-RND.o
                0x00005b78                std::_Vector_base<double, std::allocator<double> >::_M_get_Tp_allocator() const
 .text._ZNK9__gnu_cxx13new_allocatorIdE8max_sizeEv
                0x00005b8c       0x18 obj/function-d-2018-RND.o
                0x00005b8c                __gnu_cxx::new_allocator<double>::max_size() const
 .text._ZNSt13move_iteratorIPdEC2ES0_
                0x00005ba4       0x1c obj/function-d-2018-RND.o
                0x00005ba4                std::move_iterator<double*>::move_iterator(double*)
                0x00005ba4                std::move_iterator<double*>::move_iterator(double*)
 .text._ZSt18uninitialized_copyISt13move_iteratorIPdES1_ET0_T_S4_S3_
                0x00005bc0       0x28 obj/function-d-2018-RND.o
                0x00005bc0                double* std::uninitialized_copy<std::move_iterator<double*>, double*>(std::move_iterator<double*>, std::move_iterator<double*>, double*)
 .text._ZNSt16allocator_traitsISaISt4pairIiiEEE11_S_max_sizeIKS2_EENSt9enable_ifIXsrNS3_16__maxsize_helperIT_EE5valueEjE4typeERS8_
                0x00005be8       0x1c obj/function-d-2018-RND.o
                0x00005be8                std::enable_if<std::allocator_traits<std::allocator<std::pair<int, int> > >::__maxsize_helper<std::allocator<std::pair<int, int> > const>::value, unsigned int>::type std::allocator_traits<std::allocator<std::pair<int, int> > >::_S_max_size<std::allocator<std::pair<int, int> > const>(std::allocator<std::pair<int, int> > const&)
 .text._ZNSt20__uninitialized_copyILb0EE13__uninit_copyISt13move_iteratorIPSt4pairIiiEES5_EET0_T_S8_S7_
                0x00005c04       0x60 obj/function-d-2018-RND.o
                0x00005c04                std::pair<int, int>* std::__uninitialized_copy<false>::__uninit_copy<std::move_iterator<std::pair<int, int>*>, std::pair<int, int>*>(std::move_iterator<std::pair<int, int>*>, std::move_iterator<std::pair<int, int>*>, std::pair<int, int>*)
 .text._ZSt7forwardIiEOT_RNSt16remove_referenceIS0_E4typeE
                0x00005c64       0x14 obj/function-d-2018-RND.o
                0x00005c64                int&& std::forward<int>(std::remove_reference<int>::type&)
 .text._ZNSt4pairIiiEaSEOS0_
                0x00005c78       0x38 obj/function-d-2018-RND.o
                0x00005c78                std::pair<int, int>::operator=(std::pair<int, int>&&)
 .text._ZNSt16allocator_traitsISaIdEE11_S_max_sizeIKS0_EENSt9enable_ifIXsrNS1_16__maxsize_helperIT_EE5valueEjE4typeERS6_
                0x00005cb0       0x1c obj/function-d-2018-RND.o
                0x00005cb0                std::enable_if<std::allocator_traits<std::allocator<double> >::__maxsize_helper<std::allocator<double> const>::value, unsigned int>::type std::allocator_traits<std::allocator<double> >::_S_max_size<std::allocator<double> const>(std::allocator<double> const&)
 .text._ZNSt20__uninitialized_copyILb1EE13__uninit_copyISt13move_iteratorIPdES3_EET0_T_S6_S5_
                0x00005ccc       0x28 obj/function-d-2018-RND.o
                0x00005ccc                double* std::__uninitialized_copy<true>::__uninit_copy<std::move_iterator<double*>, double*>(std::move_iterator<double*>, std::move_iterator<double*>, double*)
 .text._ZStneIPSt4pairIiiEEbRKSt13move_iteratorIT_ES7_
                0x00005cf4       0x28 obj/function-d-2018-RND.o
                0x00005cf4                bool std::operator!=<std::pair<int, int>*>(std::move_iterator<std::pair<int, int>*> const&, std::move_iterator<std::pair<int, int>*> const&)
 .text._ZNSt13move_iteratorIPSt4pairIiiEEppEv
                0x00005d1c       0x20 obj/function-d-2018-RND.o
                0x00005d1c                std::move_iterator<std::pair<int, int>*>::operator++()
 .text._ZSt11__addressofISt4pairIiiEEPT_RS2_
                0x00005d3c       0x14 obj/function-d-2018-RND.o
                0x00005d3c                std::pair<int, int>* std::__addressof<std::pair<int, int> >(std::pair<int, int>&)
 .text._ZNKSt13move_iteratorIPSt4pairIiiEEdeEv
                0x00005d50       0x1c obj/function-d-2018-RND.o
                0x00005d50                std::move_iterator<std::pair<int, int>*>::operator*() const
 .text._ZSt7forwardISt4pairIiiEEOT_RNSt16remove_referenceIS2_E4typeE
                0x00005d6c       0x14 obj/function-d-2018-RND.o
                0x00005d6c                std::pair<int, int>&& std::forward<std::pair<int, int> >(std::remove_reference<std::pair<int, int> >::type&)
 .text._ZSt10_ConstructISt4pairIiiEIS1_EEvPT_DpOT0_
                0x00005d80       0x30 obj/function-d-2018-RND.o
                0x00005d80                void std::_Construct<std::pair<int, int>, std::pair<int, int> >(std::pair<int, int>*, std::pair<int, int>&&)
                0x00005d80                void std::_Construct<std::pair<int, int>, std::pair<int, int> >(std::pair<int, int>*, std::pair<int, int>&&)
 .text._ZSt4copyISt13move_iteratorIPdES1_ET0_T_S4_S3_
                0x00005db0       0x38 obj/function-d-2018-RND.o
                0x00005db0                double* std::copy<std::move_iterator<double*>, double*>(std::move_iterator<double*>, std::move_iterator<double*>, double*)
 .text._ZSteqIPSt4pairIiiEEbRKSt13move_iteratorIT_ES7_
                0x00005de8       0x30 obj/function-d-2018-RND.o
                0x00005de8                bool std::operator==<std::pair<int, int>*>(std::move_iterator<std::pair<int, int>*> const&, std::move_iterator<std::pair<int, int>*> const&)
 .text._ZSt12__miter_baseISt13move_iteratorIPdEENSt11_Miter_baseIT_E13iterator_typeES4_
                0x00005e18       0x1c obj/function-d-2018-RND.o
                0x00005e18                std::_Miter_base<std::move_iterator<double*> >::iterator_type std::__miter_base<std::move_iterator<double*> >(std::move_iterator<double*>)
 .text._ZSt14__copy_move_a2ILb1EPdS0_ET1_T0_S2_S1_
                0x00005e34       0x40 obj/function-d-2018-RND.o
                0x00005e34                double* std::__copy_move_a2<true, double*, double*>(double*, double*, double*)
 .text._ZNKSt13move_iteratorIPSt4pairIiiEE4baseEv
                0x00005e74       0x14 obj/function-d-2018-RND.o
                0x00005e74                std::move_iterator<std::pair<int, int>*>::base() const
 .text._ZNSt10_Iter_baseISt13move_iteratorIPdELb1EE7_S_baseES2_
                0x00005e88       0x1c obj/function-d-2018-RND.o
                0x00005e88                std::_Iter_base<std::move_iterator<double*>, true>::_S_base(std::move_iterator<double*>)
 .text._ZSt12__niter_baseIPdENSt11_Niter_baseIT_E13iterator_typeES2_
                0x00005ea4       0x1c obj/function-d-2018-RND.o
                0x00005ea4                std::_Niter_base<double*>::iterator_type std::__niter_base<double*>(double*)
 .text._ZSt13__copy_move_aILb1EPdS0_ET1_T0_S2_S1_
                0x00005ec0       0x30 obj/function-d-2018-RND.o
                0x00005ec0                double* std::__copy_move_a<true, double*, double*>(double*, double*, double*)
 .text._ZNKSt13move_iteratorIPdE4baseEv
                0x00005ef0       0x14 obj/function-d-2018-RND.o
                0x00005ef0                std::move_iterator<double*>::base() const
 .text._ZNSt10_Iter_baseIPdLb0EE7_S_baseES0_
                0x00005f04       0x14 obj/function-d-2018-RND.o
                0x00005f04                std::_Iter_base<double*, false>::_S_base(double*)
 .text._ZNSt11__copy_moveILb1ELb1ESt26random_access_iterator_tagE8__copy_mIdEEPT_PKS3_S6_S4_
                0x00005f18       0x40 obj/function-d-2018-RND.o
                0x00005f18                double* std::__copy_move<true, true, std::random_access_iterator_tag>::__copy_m<double>(double const*, double const*, double*)
 .text._Z41__static_initialization_and_destruction_0ii
                0x00005f58       0xa4 obj/function-d-2018-RND.o
 .text._ZNSt6vectorIdSaIdEED2Ev
                0x00005ffc       0x38 obj/function-d-2018-RND.o
                0x00005ffc                std::vector<double, std::allocator<double> >::~vector()
                0x00005ffc                std::vector<double, std::allocator<double> >::~vector()
 .text._ZNSt6vectorISt4pairIiiESaIS1_EED2Ev
                0x00006034       0x38 obj/function-d-2018-RND.o
                0x00006034                std::vector<std::pair<int, int>, std::allocator<std::pair<int, int> > >::~vector()
                0x00006034                std::vector<std::pair<int, int>, std::allocator<std::pair<int, int> > >::~vector()
 .text._GLOBAL__sub_I_inputStr
                0x0000606c       0x18 obj/function-d-2018-RND.o
 .text._Z11SystemPauset
                0x00006084       0x3c obj/lcdmenu-d-2018-RND.o
                0x00006084                SystemPause(unsigned short)
 .text._ZN7LcdMenu4TuneEhb
                0x000060c0      0x110 obj/lcdmenu-d-2018-RND.o
                0x000060c0                LcdMenu::Tune(unsigned char, bool)
 .text._ZN7LcdMenu11SaveSettingEv
                0x000061d0       0xa4 obj/lcdmenu-d-2018-RND.o
                0x000061d0                LcdMenu::SaveSetting()
 .text._ZN7LcdMenu3runEv
                0x00006274      0x9dc obj/lcdmenu-d-2018-RND.o
                0x00006274                LcdMenu::run()
 .text._ZN12BatteryMeterC2Ev
                0x00006c50       0x28 obj/main-d-2018-RND.o
                0x00006c50                BatteryMeter::BatteryMeter()
                0x00006c50                BatteryMeter::BatteryMeter()
 .text._ZN12BatteryMeter10GetVoltageEv
                0x00006c78       0x58 obj/main-d-2018-RND.o
                0x00006c78                BatteryMeter::GetVoltage()
 .text._ZNSt8functionIFvPN7libbase3FtmEEED2Ev
                0x00006cd0       0x1c obj/main-d-2018-RND.o
                0x00006cd0                std::function<void (libbase::Ftm*)>::~function()
                0x00006cd0                std::function<void (libbase::Ftm*)>::~function()
 .text._ZN9libcreate5MotorC2Ev
                0x00006cec       0x88 obj/main-d-2018-RND.o
                0x00006cec                libcreate::Motor::Motor()
                0x00006cec                libcreate::Motor::Motor()
 .text._ZN4SG90C2Ev
                0x00006d74       0x54 obj/main-d-2018-RND.o
                0x00006d74                SG90::SG90()
                0x00006d74                SG90::SG90()
 .text._ZN7LcdMenuC2Ev
                0x00006dc8       0x6c obj/main-d-2018-RND.o
                0x00006dc8                LcdMenu::LcdMenu()
                0x00006dc8                LcdMenu::LcdMenu()
 .text._ZN7libbase10UartDevice6ConfigD2Ev
                0x00006e34       0x28 obj/main-d-2018-RND.o
                0x00006e34                libbase::UartDevice::Config::~Config()
                0x00006e34                libbase::UartDevice::Config::~Config()
 *fill*         0x00006e5c        0x4 
 .text.main     0x00006e60      0x498 obj/main-d-2018-RND.o
                0x00006e60                main
 .text._ZNSt14unary_functionIPN7libbase3FtmEvEC2Ev
                0x000072f8       0x14 obj/main-d-2018-RND.o
                0x000072f8                std::unary_function<libbase::Ftm*, void>::unary_function()
                0x000072f8                std::unary_function<libbase::Ftm*, void>::unary_function()
 .text._ZNSt31_Maybe_unary_or_binary_functionIvIPN7libbase3FtmEEEC2Ev
                0x0000730c       0x1c obj/main-d-2018-RND.o
                0x0000730c                std::_Maybe_unary_or_binary_function<void, libbase::Ftm*>::_Maybe_unary_or_binary_function()
                0x0000730c                std::_Maybe_unary_or_binary_function<void, libbase::Ftm*>::_Maybe_unary_or_binary_function()
                0x0000730c                std::_Maybe_unary_or_binary_function<void, libbase::Ftm*>::_Maybe_unary_or_binary_function()
                0x0000730c                std::_Maybe_unary_or_binary_function<void, libbase::Ftm*>::_Maybe_unary_or_binary_function()
 .text._ZNSt8functionIFvPN7libbase3FtmEEEC2EDn
                0x00007328       0x24 obj/main-d-2018-RND.o
                0x00007328                std::function<void (libbase::Ftm*)>::function(decltype(nullptr))
                0x00007328                std::function<void (libbase::Ftm*)>::function(decltype(nullptr))
 .text._ZN7libbase3AdcC2ENS_3Pin4NameENS0_3BitE
                0x0000734c       0x94 C:\Users\任纪铭\workspace\KEA_Library\lib\libsccc-d-2018-RND.a(adc-d-2018-RND.o)
                0x0000734c                libbase::Adc::Adc(libbase::Pin::Name, libbase::Adc::Bit)
                0x0000734c                libbase::Adc::Adc(libbase::Pin::Name, libbase::Adc::Bit)
 .text._ZN7libbase3Adc9FetchOnceEv
                0x000073e0       0x6c C:\Users\任纪铭\workspace\KEA_Library\lib\libsccc-d-2018-RND.a(adc-d-2018-RND.o)
                0x000073e0                libbase::Adc::FetchOnce()
 .text._ZN7libbase3Adc10FetchOnceFEv
                0x0000744c       0x70 C:\Users\任纪铭\workspace\KEA_Library\lib\libsccc-d-2018-RND.a(adc-d-2018-RND.o)
                0x0000744c                libbase::Adc::FetchOnceF()
 .text.NVIC_EnableIRQ
                0x000074bc       0x2c C:\Users\任纪铭\workspace\KEA_Library\lib\libsccc-d-2018-RND.a(flash-d-2018-RND.o)
 .text.NVIC_DisableIRQ
                0x000074e8       0x30 C:\Users\任纪铭\workspace\KEA_Library\lib\libsccc-d-2018-RND.a(flash-d-2018-RND.o)
 .text._ZN7libbase5Flash5WriteEmmPhj
                0x00007518      0x114 C:\Users\任纪铭\workspace\KEA_Library\lib\libsccc-d-2018-RND.a(flash-d-2018-RND.o)
                0x00007518                libbase::Flash::Write(unsigned long, unsigned long, unsigned char*, unsigned int)
 .text._ZN7libbase5Flash13FlashCmdStartEv
                0x0000762c       0x64 C:\Users\任纪铭\workspace\KEA_Library\lib\libsccc-d-2018-RND.a(flash-d-2018-RND.o)
                0x0000762c                libbase::Flash::FlashCmdStart()
 .text._ZN7libbase5Flash11EraseSectorEm
                0x00007690       0x58 C:\Users\任纪铭\workspace\KEA_Library\lib\libsccc-d-2018-RND.a(flash-d-2018-RND.o)
                0x00007690                libbase::Flash::EraseSector(unsigned long)
 .text.NVIC_EnableIRQ
                0x000076e8       0x2c C:\Users\任纪铭\workspace\KEA_Library\lib\libsccc-d-2018-RND.a(ftm-d-2018-RND.o)
 .text._ZNKSt14_Function_base8_M_emptyEv
                0x00007714       0x1c C:\Users\任纪铭\workspace\KEA_Library\lib\libsccc-d-2018-RND.a(ftm-d-2018-RND.o)
                0x00007714                std::_Function_base::_M_empty() const
 .text._ZN7libbase3FtmC2ENS0_4NameENS0_7EXT_CLKESt8functionIFvPS0_EE
                0x00007730      0x1d0 C:\Users\任纪铭\workspace\KEA_Library\lib\libsccc-d-2018-RND.a(ftm-d-2018-RND.o)
                0x00007730                libbase::Ftm::Ftm(libbase::Ftm::Name, libbase::Ftm::EXT_CLK, std::function<void (libbase::Ftm*)>)
                0x00007730                libbase::Ftm::Ftm(libbase::Ftm::Name, libbase::Ftm::EXT_CLK, std::function<void (libbase::Ftm*)>)
 .text._ZN7libbase3Ftm11InitChannelENS0_7CHANNELE
                0x00007900       0x88 C:\Users\任纪铭\workspace\KEA_Library\lib\libsccc-d-2018-RND.a(ftm-d-2018-RND.o)
                0x00007900                libbase::Ftm::InitChannel(libbase::Ftm::CHANNEL)
 .text._ZN7libbase3Ftm10InitOutputENS0_7CHANNELEmm
                0x00007988      0x17c C:\Users\任纪铭\workspace\KEA_Library\lib\libsccc-d-2018-RND.a(ftm-d-2018-RND.o)
                0x00007988                libbase::Ftm::InitOutput(libbase::Ftm::CHANNEL, unsigned long, unsigned long)
 .text._ZN7libbase3Ftm12SetDutyCycleENS0_7CHANNELEm
                0x00007b04       0x90 C:\Users\任纪铭\workspace\KEA_Library\lib\libsccc-d-2018-RND.a(ftm-d-2018-RND.o)
                0x00007b04                libbase::Ftm::SetDutyCycle(libbase::Ftm::CHANNEL, unsigned long)
 .text._ZN7libbase3Ftm12GetDutyCycleENS0_7CHANNELE
                0x00007b94       0x20 C:\Users\任纪铭\workspace\KEA_Library\lib\libsccc-d-2018-RND.a(ftm-d-2018-RND.o)
                0x00007b94                libbase::Ftm::GetDutyCycle(libbase::Ftm::CHANNEL)
 .text._ZN7libbase3Ftm8GetCountEv
                0x00007bb4       0x28 C:\Users\任纪铭\workspace\KEA_Library\lib\libsccc-d-2018-RND.a(ftm-d-2018-RND.o)
                0x00007bb4                libbase::Ftm::GetCount()
 .text._ZN7libbase3Ftm10CleanCountEv
                0x00007bdc       0x24 C:\Users\任纪铭\workspace\KEA_Library\lib\libsccc-d-2018-RND.a(ftm-d-2018-RND.o)
                0x00007bdc                libbase::Ftm::CleanCount()
 .text.FTM0_IRQHandler
                0x00007c00       0x30 C:\Users\任纪铭\workspace\KEA_Library\lib\libsccc-d-2018-RND.a(ftm-d-2018-RND.o)
                0x00007c00                FTM0_IRQHandler
 .text.FTM1_IRQHandler
                0x00007c30       0x30 C:\Users\任纪铭\workspace\KEA_Library\lib\libsccc-d-2018-RND.a(ftm-d-2018-RND.o)
                0x00007c30                FTM1_IRQHandler
 .text.FTM2_IRQHandler
                0x00007c60       0x30 C:\Users\任纪铭\workspace\KEA_Library\lib\libsccc-d-2018-RND.a(ftm-d-2018-RND.o)
                0x00007c60                FTM2_IRQHandler
 .text._ZNSt8functionIFvPN7libbase3FtmEEEC2Ev
                0x00007c90       0x24 C:\Users\任纪铭\workspace\KEA_Library\lib\libsccc-d-2018-RND.a(ftm-d-2018-RND.o)
                0x00007c90                std::function<void (libbase::Ftm*)>::function()
                0x00007c90                std::function<void (libbase::Ftm*)>::function()
 .text._ZNSt8functionIFvPN7libbase3FtmEEEaSERKS4_
                0x00007cb4       0x3c C:\Users\任纪铭\workspace\KEA_Library\lib\libsccc-d-2018-RND.a(ftm-d-2018-RND.o)
                0x00007cb4                std::function<void (libbase::Ftm*)>::operator=(std::function<void (libbase::Ftm*)> const&)
 .text._ZNKSt8functionIFvPN7libbase3FtmEEEcvbEv
                0x00007cf0       0x20 C:\Users\任纪铭\workspace\KEA_Library\lib\libsccc-d-2018-RND.a(ftm-d-2018-RND.o)
                0x00007cf0                std::function<void (libbase::Ftm*)>::operator bool() const
 .text._ZSt7forwardIPN7libbase3FtmEEOT_RNSt16remove_referenceIS3_E4typeE
                0x00007d10       0x14 C:\Users\任纪铭\workspace\KEA_Library\lib\libsccc-d-2018-RND.a(ftm-d-2018-RND.o)
                0x00007d10                libbase::Ftm*&& std::forward<libbase::Ftm*>(std::remove_reference<libbase::Ftm*>::type&)
 .text._ZNKSt8functionIFvPN7libbase3FtmEEEclES2_
                0x00007d24       0x3c C:\Users\任纪铭\workspace\KEA_Library\lib\libsccc-d-2018-RND.a(ftm-d-2018-RND.o)
                0x00007d24                std::function<void (libbase::Ftm*)>::operator()(libbase::Ftm*) const
 .text._ZNSt8functionIFvPN7libbase3FtmEEEC2ERKS4_
                0x00007d60       0x54 C:\Users\任纪铭\workspace\KEA_Library\lib\libsccc-d-2018-RND.a(ftm-d-2018-RND.o)
                0x00007d60                std::function<void (libbase::Ftm*)>::function(std::function<void (libbase::Ftm*)> const&)
                0x00007d60                std::function<void (libbase::Ftm*)>::function(std::function<void (libbase::Ftm*)> const&)
 .text._ZNSt8functionIFvPN7libbase3FtmEEE4swapERS4_
                0x00007db4       0x40 C:\Users\任纪铭\workspace\KEA_Library\lib\libsccc-d-2018-RND.a(ftm-d-2018-RND.o)
                0x00007db4                std::function<void (libbase::Ftm*)>::swap(std::function<void (libbase::Ftm*)>&)
 .text._ZSt4moveIRPFvRKSt9_Any_dataPN7libbase3FtmEEEONSt16remove_referenceIT_E4typeEOSA_
                0x00007df4       0x14 C:\Users\任纪铭\workspace\KEA_Library\lib\libsccc-d-2018-RND.a(ftm-d-2018-RND.o)
                0x00007df4                std::remove_reference<void (*&)(std::_Any_data const&, libbase::Ftm*)>::type&& std::move<void (*&)(std::_Any_data const&, libbase::Ftm*)>(void (*&)(std::_Any_data const&, libbase::Ftm*))
 .text._ZSt4swapIPFvRKSt9_Any_dataPN7libbase3FtmEEEvRT_S9_
                0x00007e08       0x40 C:\Users\任纪铭\workspace\KEA_Library\lib\libsccc-d-2018-RND.a(ftm-d-2018-RND.o)
                0x00007e08                void std::swap<void (*)(std::_Any_data const&, libbase::Ftm*)>(void (*&)(std::_Any_data const&, libbase::Ftm*), void (*&)(std::_Any_data const&, libbase::Ftm*))
 .text._Z41__static_initialization_and_destruction_0ii
                0x00007e48       0x80 C:\Users\任纪铭\workspace\KEA_Library\lib\libsccc-d-2018-RND.a(ftm-d-2018-RND.o)
 .text._GLOBAL__sub_I__ZN7libbase13ftm0_listenerE
                0x00007ec8       0x18 C:\Users\任纪铭\workspace\KEA_Library\lib\libsccc-d-2018-RND.a(ftm-d-2018-RND.o)
 .text._ZN7libbase3Pin6getPTXENS0_4NameE
                0x00007ee0       0x1c C:\Users\任纪铭\workspace\KEA_Library\lib\libsccc-d-2018-RND.a(gpio-d-2018-RND.o)
                0x00007ee0                libbase::Pin::getPTX(libbase::Pin::Name)
 .text._ZN7libbase3Pin6getPTNENS0_4NameE
                0x00007efc       0x20 C:\Users\任纪铭\workspace\KEA_Library\lib\libsccc-d-2018-RND.a(gpio-d-2018-RND.o)
                0x00007efc                libbase::Pin::getPTN(libbase::Pin::Name)
 .text._ZN7libbase3GpiC2ENS_3Pin4NameE
                0x00007f1c       0xcc C:\Users\任纪铭\workspace\KEA_Library\lib\libsccc-d-2018-RND.a(gpio-d-2018-RND.o)
                0x00007f1c                libbase::Gpi::Gpi(libbase::Pin::Name)
                0x00007f1c                libbase::Gpi::Gpi(libbase::Pin::Name)
 .text._ZNK7libbase3Gpi3GetEv
                0x00007fe8       0x34 C:\Users\任纪铭\workspace\KEA_Library\lib\libsccc-d-2018-RND.a(gpio-d-2018-RND.o)
                0x00007fe8                libbase::Gpi::Get() const
 .text._ZN7libbase3GpoC2ENS_3Pin4NameEb
                0x0000801c       0xd8 C:\Users\任纪铭\workspace\KEA_Library\lib\libsccc-d-2018-RND.a(gpio-d-2018-RND.o)
                0x0000801c                libbase::Gpo::Gpo(libbase::Pin::Name, bool)
                0x0000801c                libbase::Gpo::Gpo(libbase::Pin::Name, bool)
 .text._ZN7libbase3Gpo3SetEb
                0x000080f4       0x78 C:\Users\任纪铭\workspace\KEA_Library\lib\libsccc-d-2018-RND.a(gpio-d-2018-RND.o)
                0x000080f4                libbase::Gpo::Set(bool)
 .text._ZN7libbase7Systick4InitEv
                0x0000816c       0x24 C:\Users\任纪铭\workspace\KEA_Library\lib\libsccc-d-2018-RND.a(sys_tick-d-2018-RND.o)
                0x0000816c                libbase::Systick::Init()
 .text._ZN7libbase7Systick10StartCountEm
                0x00008190       0x34 C:\Users\任纪铭\workspace\KEA_Library\lib\libsccc-d-2018-RND.a(sys_tick-d-2018-RND.o)
                0x00008190                libbase::Systick::StartCount(unsigned long)
 .text._ZN7libbase7Systick7GetTimeEv
                0x000081c4       0x14 C:\Users\任纪铭\workspace\KEA_Library\lib\libsccc-d-2018-RND.a(sys_tick-d-2018-RND.o)
                0x000081c4                libbase::Systick::GetTime()
 .text.SysTick_Handler
                0x000081d8       0x18 C:\Users\任纪铭\workspace\KEA_Library\lib\libsccc-d-2018-RND.a(sys_tick-d-2018-RND.o)
                0x000081d8                SysTick_Handler
 .text.NVIC_EnableIRQ
                0x000081f0       0x2c C:\Users\任纪铭\workspace\KEA_Library\lib\libsccc-d-2018-RND.a(uart_device-d-2018-RND.o)
 .text.NVIC_DisableIRQ
                0x0000821c       0x30 C:\Users\任纪铭\workspace\KEA_Library\lib\libsccc-d-2018-RND.a(uart_device-d-2018-RND.o)
 .text._ZN7libbase10UartDeviceC2ENS0_6ConfigE
                0x0000824c      0x2e0 C:\Users\任纪铭\workspace\KEA_Library\lib\libsccc-d-2018-RND.a(uart_device-d-2018-RND.o)
                0x0000824c                libbase::UartDevice::UartDevice(libbase::UartDevice::Config)
                0x0000824c                libbase::UartDevice::UartDevice(libbase::UartDevice::Config)
 .text._ZNK7libbase10UartDevice7GetByteEv
                0x0000852c       0x4c C:\Users\任纪铭\workspace\KEA_Library\lib\libsccc-d-2018-RND.a(uart_device-d-2018-RND.o)
                0x0000852c                libbase::UartDevice::GetByte() const
 .text.UART0_IRQHandler
                0x00008578       0xa0 C:\Users\任纪铭\workspace\KEA_Library\lib\libsccc-d-2018-RND.a(uart_device-d-2018-RND.o)
                0x00008578                UART0_IRQHandler
 .text.UART1_IRQHandler
                0x00008618       0xa0 C:\Users\任纪铭\workspace\KEA_Library\lib\libsccc-d-2018-RND.a(uart_device-d-2018-RND.o)
                0x00008618                UART1_IRQHandler
 .text.UART2_IRQHandler
                0x000086b8       0xa0 C:\Users\任纪铭\workspace\KEA_Library\lib\libsccc-d-2018-RND.a(uart_device-d-2018-RND.o)
                0x000086b8                UART2_IRQHandler
 .text._ZNSt8functionIFvPN7libbase10UartDeviceEEEC2Ev
                0x00008758       0x24 C:\Users\任纪铭\workspace\KEA_Library\lib\libsccc-d-2018-RND.a(uart_device-d-2018-RND.o)
                0x00008758                std::function<void (libbase::UartDevice*)>::function()
                0x00008758                std::function<void (libbase::UartDevice*)>::function()
 .text._ZNSt8functionIFvPN7libbase10UartDeviceEEEaSERKS4_
                0x0000877c       0x3c C:\Users\任纪铭\workspace\KEA_Library\lib\libsccc-d-2018-RND.a(uart_device-d-2018-RND.o)
                0x0000877c                std::function<void (libbase::UartDevice*)>::operator=(std::function<void (libbase::UartDevice*)> const&)
 .text._ZNKSt8functionIFvPN7libbase10UartDeviceEEEcvbEv
                0x000087b8       0x20 C:\Users\任纪铭\workspace\KEA_Library\lib\libsccc-d-2018-RND.a(uart_device-d-2018-RND.o)
                0x000087b8                std::function<void (libbase::UartDevice*)>::operator bool() const
 .text._ZNKSt8functionIFvPN7libbase10UartDeviceEEEclES2_
                0x000087d8       0x3c C:\Users\任纪铭\workspace\KEA_Library\lib\libsccc-d-2018-RND.a(uart_device-d-2018-RND.o)
                0x000087d8                std::function<void (libbase::UartDevice*)>::operator()(libbase::UartDevice*) const
 .text._ZNSt8functionIFvPN7libbase10UartDeviceEEEC2ERKS4_
                0x00008814       0x54 C:\Users\任纪铭\workspace\KEA_Library\lib\libsccc-d-2018-RND.a(uart_device-d-2018-RND.o)
                0x00008814                std::function<void (libbase::UartDevice*)>::function(std::function<void (libbase::UartDevice*)> const&)
                0x00008814                std::function<void (libbase::UartDevice*)>::function(std::function<void (libbase::UartDevice*)> const&)
 .text._Z41__static_initialization_and_destruction_0ii
                0x00008868       0xd4 C:\Users\任纪铭\workspace\KEA_Library\lib\libsccc-d-2018-RND.a(uart_device-d-2018-RND.o)
 .text._GLOBAL__sub_I__ZN7libbase5uart0E
                0x0000893c       0x18 C:\Users\任纪铭\workspace\KEA_Library\lib\libsccc-d-2018-RND.a(uart_device-d-2018-RND.o)
 .text.get_clk  0x00008954      0x100 C:\Users\任纪铭\workspace\KEA_Library\lib\libsccc-d-2018-RND.a(system-d-2018-RND.o)
                0x00008954                get_clk
 .text.SystemInit
                0x00008a54       0x98 C:\Users\任纪铭\workspace\KEA_Library\lib\libsccc-d-2018-RND.a(system-d-2018-RND.o)
                0x00008a54                SystemInit
 .text.NMI_Handler
                0x00008aec       0x14 C:\Users\任纪铭\workspace\KEA_Library\lib\libsccc-d-2018-RND.a(system-d-2018-RND.o)
                0x00008aec                NMI_Handler
 .text._ZN7libbase9S9keaz1287GetGpioENS_3Pin4NameE
                0x00008b00       0x9c C:\Users\任纪铭\workspace\KEA_Library\lib\libsccc-d-2018-RND.a(s9keaz128_lqfp80-d-2018-RND.o)
                0x00008b00                libbase::S9keaz128::GetGpio(libbase::Pin::Name)
 .text._ZN7libbase9S9keaz1286GetAdcENS_3Pin4NameE
                0x00008b9c       0x60 C:\Users\任纪铭\workspace\KEA_Library\lib\libsccc-d-2018-RND.a(s9keaz128_lqfp80-d-2018-RND.o)
                0x00008b9c                libbase::S9keaz128::GetAdc(libbase::Pin::Name)
 .text._ZNK7libbase3Kbi8GetStateEv
                0x00008bfc       0x14 C:\Users\任纪铭\workspace\KEA_Library\lib\libsccc-d-2018-RND.a(dir_encoder-d-2018-RND.o)
                0x00008bfc                libbase::Kbi::GetState() const
 .text._ZZN5libsc10DirEncoderC1EhENKUlPN7libbase3FtmEE_clES3_
                0x00008c10       0x4c C:\Users\任纪铭\workspace\KEA_Library\lib\libsccc-d-2018-RND.a(dir_encoder-d-2018-RND.o)
 .text._ZZN5libsc10DirEncoderC1EhENKUlPN7libbase3KbiEE0_clES3_
                0x00008c5c       0x34 C:\Users\任纪铭\workspace\KEA_Library\lib\libsccc-d-2018-RND.a(dir_encoder-d-2018-RND.o)
 .text._ZNSt8functionIFvPN7libbase3KbiEEED2Ev
                0x00008c90       0x1c C:\Users\任纪铭\workspace\KEA_Library\lib\libsccc-d-2018-RND.a(dir_encoder-d-2018-RND.o)
                0x00008c90                std::function<void (libbase::Kbi*)>::~function()
                0x00008c90                std::function<void (libbase::Kbi*)>::~function()
 .text._ZN5libsc10DirEncoderC2Eh
                0x00008cac       0xac C:\Users\任纪铭\workspace\KEA_Library\lib\libsccc-d-2018-RND.a(dir_encoder-d-2018-RND.o)
                0x00008cac                libsc::DirEncoder::DirEncoder(unsigned char)
                0x00008cac                libsc::DirEncoder::DirEncoder(unsigned char)
 .text._ZN5libsc10DirEncoder8GetCountEv
                0x00008d58       0x50 C:\Users\任纪铭\workspace\KEA_Library\lib\libsccc-d-2018-RND.a(dir_encoder-d-2018-RND.o)
                0x00008d58                libsc::DirEncoder::GetCount()
 .text._ZSt4moveIRZN5libsc10DirEncoderC1EhEUlPN7libbase3FtmEE_EONSt16remove_referenceIT_E4typeEOS8_
                0x00008da8       0x14 C:\Users\任纪铭\workspace\KEA_Library\lib\libsccc-d-2018-RND.a(dir_encoder-d-2018-RND.o)
 .text._ZNSt8functionIFvPN7libbase3FtmEEEC2IZN5libsc10DirEncoderC1EhEUlS2_E_vEET_
                0x00008dbc       0x5c C:\Users\任纪铭\workspace\KEA_Library\lib\libsccc-d-2018-RND.a(dir_encoder-d-2018-RND.o)
 .text._ZNSt14unary_functionIPN7libbase3KbiEvEC2Ev
                0x00008e18       0x14 C:\Users\任纪铭\workspace\KEA_Library\lib\libsccc-d-2018-RND.a(dir_encoder-d-2018-RND.o)
                0x00008e18                std::unary_function<libbase::Kbi*, void>::unary_function()
                0x00008e18                std::unary_function<libbase::Kbi*, void>::unary_function()
 .text._ZNSt31_Maybe_unary_or_binary_functionIvIPN7libbase3KbiEEEC2Ev
                0x00008e2c       0x1c C:\Users\任纪铭\workspace\KEA_Library\lib\libsccc-d-2018-RND.a(dir_encoder-d-2018-RND.o)
                0x00008e2c                std::_Maybe_unary_or_binary_function<void, libbase::Kbi*>::_Maybe_unary_or_binary_function()
                0x00008e2c                std::_Maybe_unary_or_binary_function<void, libbase::Kbi*>::_Maybe_unary_or_binary_function()
                0x00008e2c                std::_Maybe_unary_or_binary_function<void, libbase::Kbi*>::_Maybe_unary_or_binary_function()
                0x00008e2c                std::_Maybe_unary_or_binary_function<void, libbase::Kbi*>::_Maybe_unary_or_binary_function()
 .text._ZSt4moveIRZN5libsc10DirEncoderC1EhEUlPN7libbase3KbiEE0_EONSt16remove_referenceIT_E4typeEOS8_
                0x00008e48       0x14 C:\Users\任纪铭\workspace\KEA_Library\lib\libsccc-d-2018-RND.a(dir_encoder-d-2018-RND.o)
 .text._ZNSt8functionIFvPN7libbase3KbiEEEC2IZN5libsc10DirEncoderC1EhEUlS2_E0_vEET_
                0x00008e5c       0x5c C:\Users\任纪铭\workspace\KEA_Library\lib\libsccc-d-2018-RND.a(dir_encoder-d-2018-RND.o)
 .text._ZNSt14_Function_base13_Base_managerIZN5libsc10DirEncoderC1EhEUlPN7libbase3FtmEE_E21_M_not_empty_functionIS6_EEbRKT_
                0x00008eb8       0x14 C:\Users\任纪铭\workspace\KEA_Library\lib\libsccc-d-2018-RND.a(dir_encoder-d-2018-RND.o)
 .text._ZNSt14_Function_base13_Base_managerIZN5libsc10DirEncoderC1EhEUlPN7libbase3FtmEE_E15_M_init_functorERSt9_Any_dataOS6_
                0x00008ecc       0x28 C:\Users\任纪铭\workspace\KEA_Library\lib\libsccc-d-2018-RND.a(dir_encoder-d-2018-RND.o)
 .text._ZNSt17_Function_handlerIFvPN7libbase3FtmEEZN5libsc10DirEncoderC1EhEUlS2_E_E9_M_invokeERKSt9_Any_dataS2_
                0x00008ef4       0x30 C:\Users\任纪铭\workspace\KEA_Library\lib\libsccc-d-2018-RND.a(dir_encoder-d-2018-RND.o)
 .text._ZNSt14_Function_base13_Base_managerIZN5libsc10DirEncoderC1EhEUlPN7libbase3FtmEE_E10_M_managerERSt9_Any_dataRKS8_St18_Manager_operation
                0x00008f24       0x5c C:\Users\任纪铭\workspace\KEA_Library\lib\libsccc-d-2018-RND.a(dir_encoder-d-2018-RND.o)
 .text._ZNSt14_Function_base13_Base_managerIZN5libsc10DirEncoderC1EhEUlPN7libbase3KbiEE0_E21_M_not_empty_functionIS6_EEbRKT_
                0x00008f80       0x14 C:\Users\任纪铭\workspace\KEA_Library\lib\libsccc-d-2018-RND.a(dir_encoder-d-2018-RND.o)
 .text._ZNSt14_Function_base13_Base_managerIZN5libsc10DirEncoderC1EhEUlPN7libbase3KbiEE0_E15_M_init_functorERSt9_Any_dataOS6_